<html>
<body>
<pre>
<h1>礦ision Build Log</h1>
<h2>Tool Versions:</h2>
IDE-Version: μVision V5.14.0.0
Copyright (C) 2015 ARM Ltd and ARM Germany GmbH. All rights reserved.
License Information: 1 PhD#Chen, 1, LIC=FYKYW-QX4T5-KPGZY-IPHU8-ZWPZ3-LK2MZ
 
Tool Versions:
Toolchain:       MDK-ARM Standard  Version: 5.14.0.0
Toolchain Path:  D:\App\MDK5\ARM\ARMCC\Bin
C Compiler:      Armcc.exe V5.05 update 1 (build 106)
Assembler:       Armasm.exe V5.05 update 1 (build 106)
Linker/Locator:  ArmLink.exe V5.05 update 1 (build 106)
Library Manager: ArmAr.exe V5.05 update 1 (build 106)
Hex Converter:   FromElf.exe V5.05 update 1 (build 106)
CPU DLL:         SARMCM3.DLL V5.14.0.0
Dialog DLL:      DARMSTM.DLL V1.65.0.0
Target DLL:      Segger\JL2CM3.dll V2.99.13.0
Dialog DLL:      TARMSTM.DLL V1.64.0.0
 
<h2>Project:</h2>
C:\Users\PhD#Chen\Desktop\小程序调用百度AI语音合成\demo+ds18b20\demo\USER\Template.uvprojx
Project File Date:  03/28/2023

<h2>Output:</h2>
Build target 'Template'
compiling main.c...
..\HARDWARE\MQ2\MQ2.h(5): warning:  #1-D: last line of file ends without a newline
  #endif
main.c(25): warning:  #177-D: variable "lightvalue" was declared but never referenced
        u16 lightvalue = 0;
main.c(26): warning:  #177-D: variable "ledctr" was declared but never referenced
        u16 ledctr = 0;
main.c(27): warning:  #177-D: variable "led0pwmval" was declared but never referenced
        u16 led0pwmval = 0;
main.c: 4 warnings, 0 errors
compiling lsens.c...
compiling adc.c...
linking...
Program Size: Code=28428 RO-data=6728 RW-data=84 ZI-data=3900  
FromELF: creating hex file...
"..\OBJ\Template.axf" - 0 Error(s), 4 Warning(s).

<h2>Collection of Component include folders:</h2>
  C:\Users\PhD#Chen\Desktop\小程序调用百度AI语音合成\demo+ds18b20\demo\USER\RTE
  D:\App\MDK5\ARM\PACK\Keil\STM32F1xx_DFP\2.2.0

<h2>Collection of Component Files used:</h2>
</pre>
</body>
</html>
