Component: ARM Compiler 5.05 update 1 (build 106) Tool: armlink [4d0efa]

==============================================================================

Section Cross References

    main.o(i.main) refers to _printf_percent.o(.ARM.Collect$$_printf_percent$$00000000) for _printf_percent
    main.o(i.main) refers to _printf_s.o(.ARM.Collect$$_printf_percent$$00000014) for _printf_s
    main.o(i.main) refers to _printf_str.o(.text) for _printf_str
    main.o(i.main) refers to _printf_f.o(.ARM.Collect$$_printf_percent$$00000003) for _printf_f
    main.o(i.main) refers to printf1.o(x$fpl$printf1) for _printf_fp_dec
    main.o(i.main) refers to misc.o(i.NVIC_PriorityGroupConfig) for NVIC_PriorityGroupConfig
    main.o(i.main) refers to delay.o(i.delay_init) for delay_init
    main.o(i.main) refers to usart.o(i.uart_init) for uart_init
    main.o(i.main) refers to led.o(i.LED_Init) for LED_Init
    main.o(i.main) refers to lcd.o(i.LCD_Init) for LCD_Init
    main.o(i.main) refers to lcd.o(i.LCD_ShowString) for LCD_ShowString
    main.o(i.main) refers to lsens.o(i.Lsens_Init) for Lsens_Init
    main.o(i.main) refers to delay.o(i.delay_ms) for delay_ms
    main.o(i.main) refers to lcd.o(i.LCD_Fill) for LCD_Fill
    main.o(i.main) refers to ds18b20.o(i.DS18B20_Init) for DS18B20_Init
    main.o(i.main) refers to dht11.o(i.DHT11_Init) for DHT11_Init
    main.o(i.main) refers to ds18b20.o(i.DS18B20_Get_Temp) for DS18B20_Get_Temp
    main.o(i.main) refers to lcd.o(i.LCD_ShowChar) for LCD_ShowChar
    main.o(i.main) refers to lcd.o(i.LCD_ShowNum) for LCD_ShowNum
    main.o(i.main) refers to lsens.o(i.Lsens_Get_Val) for Lsens_Get_Val
    main.o(i.main) refers to esp8266.o(i.numToString) for numToString
    main.o(i.main) refers to __2printf.o(.text) for __2printf
    main.o(i.main) refers to dht11.o(i.DHT11_Read_Data) for DHT11_Read_Data
    main.o(i.main) refers to f2d.o(x$fpl$f2d) for __aeabi_f2d
    main.o(i.main) refers to ffixu.o(x$fpl$ffixu) for __aeabi_f2uiz
    main.o(i.main) refers to esp8266.o(.data) for strValue
    system_stm32f10x.o(i.SetSysClock) refers to system_stm32f10x.o(i.SetSysClockTo72) for SetSysClockTo72
    system_stm32f10x.o(i.SystemCoreClockUpdate) refers to system_stm32f10x.o(.data) for SystemCoreClock
    system_stm32f10x.o(i.SystemInit) refers to system_stm32f10x.o(i.SetSysClock) for SetSysClock
    delay.o(i.delay_init) refers to misc.o(i.SysTick_CLKSourceConfig) for SysTick_CLKSourceConfig
    delay.o(i.delay_init) refers to system_stm32f10x.o(.data) for SystemCoreClock
    delay.o(i.delay_init) refers to delay.o(.data) for fac_us
    delay.o(i.delay_ms) refers to delay.o(.data) for fac_ms
    delay.o(i.delay_us) refers to delay.o(.data) for fac_us
    usart.o(i.USART1_IRQHandler) refers (Special) to use_no_semi_2.o(.text) for __use_no_semihosting
    usart.o(i.USART1_IRQHandler) refers to stm32f10x_usart.o(i.USART_GetITStatus) for USART_GetITStatus
    usart.o(i.USART1_IRQHandler) refers to stm32f10x_usart.o(i.USART_ReceiveData) for USART_ReceiveData
    usart.o(i.USART1_IRQHandler) refers to usart.o(.data) for USART_RX_STA
    usart.o(i.USART1_IRQHandler) refers to usart.o(.bss) for USART_RX_BUF
    usart.o(i._sys_exit) refers (Special) to use_no_semi_2.o(.text) for __use_no_semihosting
    usart.o(i.fputc) refers (Special) to use_no_semi_2.o(.text) for __use_no_semihosting
    usart.o(i.uart_init) refers (Special) to use_no_semi_2.o(.text) for __use_no_semihosting
    usart.o(i.uart_init) refers to stm32f10x_rcc.o(i.RCC_APB2PeriphClockCmd) for RCC_APB2PeriphClockCmd
    usart.o(i.uart_init) refers to stm32f10x_gpio.o(i.GPIO_Init) for GPIO_Init
    usart.o(i.uart_init) refers to misc.o(i.NVIC_Init) for NVIC_Init
    usart.o(i.uart_init) refers to stm32f10x_usart.o(i.USART_Init) for USART_Init
    usart.o(i.uart_init) refers to stm32f10x_usart.o(i.USART_ITConfig) for USART_ITConfig
    usart.o(i.uart_init) refers to stm32f10x_usart.o(i.USART_Cmd) for USART_Cmd
    usart.o(.bss) refers (Special) to use_no_semi_2.o(.text) for __use_no_semihosting
    usart.o(.data) refers (Special) to use_no_semi_2.o(.text) for __use_no_semihosting
    startup_stm32f10x_hd.o(STACK) refers (Special) to heapauxi.o(.text) for __use_two_region_memory
    startup_stm32f10x_hd.o(HEAP) refers (Special) to heapauxi.o(.text) for __use_two_region_memory
    startup_stm32f10x_hd.o(RESET) refers (Special) to heapauxi.o(.text) for __use_two_region_memory
    startup_stm32f10x_hd.o(RESET) refers to startup_stm32f10x_hd.o(STACK) for __initial_sp
    startup_stm32f10x_hd.o(RESET) refers to startup_stm32f10x_hd.o(.text) for Reset_Handler
    startup_stm32f10x_hd.o(RESET) refers to stm32f10x_it.o(i.NMI_Handler) for NMI_Handler
    startup_stm32f10x_hd.o(RESET) refers to stm32f10x_it.o(i.HardFault_Handler) for HardFault_Handler
    startup_stm32f10x_hd.o(RESET) refers to stm32f10x_it.o(i.MemManage_Handler) for MemManage_Handler
    startup_stm32f10x_hd.o(RESET) refers to stm32f10x_it.o(i.BusFault_Handler) for BusFault_Handler
[...]
    ../clib/printf_percent.s                 0x00000000   Number         0  _printf_l.o ABSOLUTE
    ../clib/printf_percent.s                 0x00000000   Number         0  _printf_lc.o ABSOLUTE
    ../clib/printf_percent.s                 0x00000000   Number         0  _printf_llo.o ABSOLUTE
    ../clib/printf_percent.s                 0x00000000   Number         0  _printf_llx.o ABSOLUTE
    ../clib/printf_percent.s                 0x00000000   Number         0  _printf_ls.o ABSOLUTE
    ../clib/signal.c                         0x00000000   Number         0  defsig_other.o ABSOLUTE
    ../clib/signal.c                         0x00000000   Number         0  defsig_segv_inner.o ABSOLUTE
    ../clib/signal.c                         0x00000000   Number         0  defsig_rtmem_formal.o ABSOLUTE
    ../clib/signal.c                         0x00000000   Number         0  defsig_abrt_inner.o ABSOLUTE
    ../clib/signal.c                         0x00000000   Number         0  defsig_rtmem_outer.o ABSOLUTE
    ../clib/signal.c                         0x00000000   Number         0  defsig_cppl_inner.o ABSOLUTE
    ../clib/signal.c                         0x00000000   Number         0  defsig_pvfn_inner.o ABSOLUTE
    ../clib/signal.c                         0x00000000   Number         0  defsig_stak_inner.o ABSOLUTE
    ../clib/signal.c                         0x00000000   Number         0  defsig_rtred_inner.o ABSOLUTE
    ../clib/signal.c                         0x00000000   Number         0  defsig_fpe_inner.o ABSOLUTE
    ../clib/signal.c                         0x00000000   Number         0  defsig_general.o ABSOLUTE
    ../clib/signal.c                         0x00000000   Number         0  __raise.o ABSOLUTE
    ../clib/signal.c                         0x00000000   Number         0  defsig_rtmem_inner.o ABSOLUTE
    ../clib/signal.c                         0x00000000   Number         0  defsig_exit.o ABSOLUTE
    ../clib/signal.s                         0x00000000   Number         0  defsig.o ABSOLUTE
    ../clib/stdio.c                          0x00000000   Number         0  ferror_locked.o ABSOLUTE
    ../clib/stdio.c                          0x00000000   Number         0  ferror.o ABSOLUTE
    ../clib/stdlib.c                         0x00000000   Number         0  exit.o ABSOLUTE
    ../clib/string.c                         0x00000000   Number         0  strchr.o ABSOLUTE
    ../clib/string.c                         0x00000000   Number         0  strstr.o ABSOLUTE
    ../clib/string.c                         0x00000000   Number         0  strcpy.o ABSOLUTE
    ../clib/string.c                         0x00000000   Number         0  strlen.o ABSOLUTE
    ../clib/string.c                         0x00000000   Number         0  strcat.o ABSOLUTE
    ../fplib/daddsub.s                       0x00000000   Number         0  daddsub_clz.o ABSOLUTE
    ../fplib/ddiv.s                          0x00000000   Number         0  ddiv.o ABSOLUTE
    ../fplib/dfix.s                          0x00000000   Number         0  dfix.o ABSOLUTE
    ../fplib/dfixu.s                         0x00000000   Number         0  dfixu.o ABSOLUTE
    ../fplib/dflt.s                          0x00000000   Number         0  dflt_clz.o ABSOLUTE
    ../fplib/dmul.s                          0x00000000   Number         0  dmul.o ABSOLUTE
    ../fplib/dnaninf.s                       0x00000000   Number         0  dnaninf.o ABSOLUTE
    ../fplib/dretinf.s                       0x00000000   Number         0  dretinf.o ABSOLUTE
    ../fplib/f2d.s                           0x00000000   Number         0  f2d.o ABSOLUTE
    ../fplib/ffixu.s                         0x00000000   Number         0  ffixu.o ABSOLUTE
    ../fplib/fflt.s                          0x00000000   Number         0  fflt_clz.o ABSOLUTE
    ../fplib/fnaninf.s                       0x00000000   Number         0  fnaninf.o ABSOLUTE
    ../fplib/fpinit.s                        0x00000000   Number         0  fpinit.o ABSOLUTE
    ../fplib/istatus.s                       0x00000000   Number         0  istatus.o ABSOLUTE
    ../fplib/printf1.s                       0x00000000   Number         0  printf1.o ABSOLUTE
    ../fplib/usenofp.s                       0x00000000   Number         0  usenofp.o ABSOLUTE
    ../mathlib/fpclassify.c                  0x00000000   Number         0  fpclassify.o ABSOLUTE
    ..\CORE\core_cm3.c                       0x00000000   Number         0  core_cm3.o ABSOLUTE
    ..\CORE\startup_stm32f10x_hd.s           0x00000000   Number         0  startup_stm32f10x_hd.o ABSOLUTE
    ..\HARDWARE\ADC\adc.c                    0x00000000   Number         0  adc.o ABSOLUTE
    ..\HARDWARE\DHT11\dht11.c                0x00000000   Number         0  dht11.o ABSOLUTE
    ..\HARDWARE\DMA\DMA.c                    0x00000000   Number         0  dma.o ABSOLUTE
    ..\HARDWARE\DS18B20\ds18b20.c            0x00000000   Number         0  ds18b20.o ABSOLUTE
    ..\HARDWARE\ESP8266\esp8266.c            0x00000000   Number         0  esp8266.o ABSOLUTE
    ..\HARDWARE\LCD\lcd.c                    0x00000000   Number         0  lcd.o ABSOLUTE
    ..\HARDWARE\LED\led.c                    0x00000000   Number         0  led.o ABSOLUTE
    ..\HARDWARE\LSENS\lsens.c                0x00000000   Number         0  lsens.o ABSOLUTE
    ..\HARDWARE\MQ2\MQ2.c                    0x00000000   Number         0  mq2.o ABSOLUTE
    ..\HARDWARE\TIMER7\timer.c               0x00000000   Number         0  timer.o ABSOLUTE
    ..\HARDWARE\USART3\usart3.c              0x00000000   Number         0  usart3.o ABSOLUTE
    ..\STM32F10x_FWLib\src\misc.c            0x00000000   Number         0  misc.o ABSOLUTE
    ..\STM32F10x_FWLib\src\stm32f10x_adc.c   0x00000000   Number         0  stm32f10x_adc.o ABSOLUTE
    ..\STM32F10x_FWLib\src\stm32f10x_bkp.c   0x00000000   Number         0  stm32f10x_bkp.o ABSOLUTE
    ..\STM32F10x_FWLib\src\stm32f10x_can.c   0x00000000   Number         0  stm32f10x_can.o ABSOLUTE
    ..\STM32F10x_FWLib\src\stm32f10x_cec.c   0x00000000   Number         0  stm32f10x_cec.o ABSOLUTE
    ..\STM32F10x_FWLib\src\stm32f10x_crc.c   0x00000000   Number         0  stm32f10x_crc.o ABSOLUTE
    ..\STM32F10x_FWLib\src\stm32f10x_dac.c   0x00000000   Number         0  stm32f10x_dac.o ABSOLUTE
    ..\STM32F10x_FWLib\src\stm32f10x_dbgmcu.c 0x00000000   Number         0  stm32f10x_dbgmcu.o ABSOLUTE
    ..\STM32F10x_FWLib\src\stm32f10x_dma.c   0x00000000   Number         0  stm32f10x_dma.o ABSOLUTE
    ..\STM32F10x_FWLib\src\stm32f10x_exti.c  0x00000000   Number         0  stm32f10x_exti.o ABSOLUTE
    ..\STM32F10x_FWLib\src\stm32f10x_flash.c 0x00000000   Number         0  stm32f10x_flash.o ABSOLUTE
    ..\STM32F10x_FWLib\src\stm32f10x_fsmc.c  0x00000000   Number         0  stm32f10x_fsmc.o ABSOLUTE
    ..\STM32F10x_FWLib\src\stm32f10x_gpio.c  0x00000000   Number         0  stm32f10x_gpio.o ABSOLUTE
    ..\STM32F10x_FWLib\src\stm32f10x_i2c.c   0x00000000   Number         0  stm32f10x_i2c.o ABSOLUTE
    ..\STM32F10x_FWLib\src\stm32f10x_iwdg.c  0x00000000   Number         0  stm32f10x_iwdg.o ABSOLUTE
    ..\STM32F10x_FWLib\src\stm32f10x_pwr.c   0x00000000   Number         0  stm32f10x_pwr.o ABSOLUTE
    ..\STM32F10x_FWLib\src\stm32f10x_rcc.c   0x00000000   Number         0  stm32f10x_rcc.o ABSOLUTE
    ..\STM32F10x_FWLib\src\stm32f10x_rtc.c   0x00000000   Number         0  stm32f10x_rtc.o ABSOLUTE
    ..\STM32F10x_FWLib\src\stm32f10x_sdio.c  0x00000000   Number         0  stm32f10x_sdio.o ABSOLUTE
    ..\STM32F10x_FWLib\src\stm32f10x_spi.c   0x00000000   Number         0  stm32f10x_spi.o ABSOLUTE
    ..\STM32F10x_FWLib\src\stm32f10x_tim.c   0x00000000   Number         0  stm32f10x_tim.o ABSOLUTE
    ..\STM32F10x_FWLib\src\stm32f10x_usart.c 0x00000000   Number         0  stm32f10x_usart.o ABSOLUTE
    ..\STM32F10x_FWLib\src\stm32f10x_wwdg.c  0x00000000   Number         0  stm32f10x_wwdg.o ABSOLUTE
    ..\SYSTEM\delay\delay.c                  0x00000000   Number         0  delay.o ABSOLUTE
    ..\SYSTEM\sys\sys.c                      0x00000000   Number         0  sys.o ABSOLUTE
    ..\SYSTEM\usart\usart.c                  0x00000000   Number         0  usart.o ABSOLUTE
    ..\\CORE\\core_cm3.c                     0x00000000   Number         0  core_cm3.o ABSOLUTE
    ..\\SYSTEM\\sys\\sys.c                   0x00000000   Number         0  sys.o ABSOLUTE
    dc.s                                     0x00000000   Number         0  dc.o ABSOLUTE
    main.c                                   0x00000000   Number         0  main.o ABSOLUTE
    stm32f10x_it.c                           0x00000000   Number         0  stm32f10x_it.o ABSOLUTE
    system_stm32f10x.c                       0x00000000   Number         0  system_stm32f10x.o ABSOLUTE
    RESET                                    0x08000000   Section      304  startup_stm32f10x_hd.o(RESET)
    !!!main                                  0x08000130   Section        8  __main.o(!!!main)
    !!!scatter                               0x08000138   Section       52  __scatter.o(!!!scatter)
    !!handler_copy                           0x0800016c   Section       26  __scatter_copy.o(!!handler_copy)
    !!handler_zi                             0x08000188   Section       28  __scatter_zi.o(!!handler_zi)
    .ARM.Collect$$_printf_percent$$00000000  0x080001a4   Section        0  _printf_percent.o(.ARM.Collect$$_printf_percent$$00000000)
    .ARM.Collect$$_printf_percent$$00000003  0x080001a4   Section        6  _printf_f.o(.ARM.Collect$$_printf_percent$$00000003)
    .ARM.Collect$$_printf_percent$$00000014  0x080001aa   Section        6  _printf_s.o(.ARM.Collect$$_printf_percent$$00000014)
    .ARM.Collect$$_printf_percent$$00000017  0x080001b0   Section        4  _printf_percent_end.o(.ARM.Collect$$_printf_percent$$00000017)
    .ARM.Collect$$libinit$$00000000          0x080001b4   Section        2  libinit.o(.ARM.Collect$$libinit$$00000000)
    .ARM.Collect$$libinit$$00000002          0x080001b6   Section        0  libinit2.o(.ARM.Collect$$libinit$$00000002)
    .ARM.Collect$$libinit$$00000004          0x080001b6   Section        0  libinit2.o(.ARM.Collect$$libinit$$00000004)
    .ARM.Collect$$libinit$$0000000A          0x080001b6   Section        0  libinit2.o(.ARM.Collect$$libinit$$0000000A)
    .ARM.Collect$$libinit$$0000000C          0x080001b6   Section        0  libinit2.o(.ARM.Collect$$libinit$$0000000C)
    .ARM.Collect$$libinit$$0000000E          0x080001b6   Section        0  libinit2.o(.ARM.Collect$$libinit$$0000000E)
    .ARM.Collect$$libinit$$0000000F          0x080001b6   Section        6  libinit2.o(.ARM.Collect$$libinit$$0000000F)
    .ARM.Collect$$libinit$$00000011          0x080001bc   Section        0  libinit2.o(.ARM.Collect$$libinit$$00000011)
    .ARM.Collect$$libinit$$00000013          0x080001bc   Section        0  libinit2.o(.ARM.Collect$$libinit$$00000013)
    .ARM.Collect$$libinit$$00000015          0x080001bc   Section        0  libinit2.o(.ARM.Collect$$libinit$$00000015)
    .ARM.Collect$$libinit$$00000016          0x080001bc   Section       10  libinit2.o(.ARM.Collect$$libinit$$00000016)
    .ARM.Collect$$libinit$$00000017          0x080001c6   Section        0  libinit2.o(.ARM.Collect$$libinit$$00000017)
    .ARM.Collect$$libinit$$00000019          0x080001c6   Section        0  libinit2.o(.ARM.Collect$$libinit$$00000019)
    .ARM.Collect$$libinit$$0000001B          0x080001c6   Section        0  libinit2.o(.ARM.Collect$$libinit$$0000001B)
    .ARM.Collect$$libinit$$0000001D          0x080001c6   Section        0  libinit2.o(.ARM.Collect$$libinit$$0000001D)
    .ARM.Collect$$libinit$$0000001F          0x080001c6   Section        0  libinit2.o(.ARM.Collect$$libinit$$0000001F)
    .ARM.Collect$$libinit$$00000021          0x080001c6   Section        0  libinit2.o(.ARM.Collect$$libinit$$00000021)
    .ARM.Collect$$libinit$$00000023          0x080001c6   Section        0  libinit2.o(.ARM.Collect$$libinit$$00000023)
    .ARM.Collect$$libinit$$00000025          0x080001c6   Section        0  libinit2.o(.ARM.Collect$$libinit$$00000025)
    .ARM.Collect$$libinit$$0000002C          0x080001c6   Section        0  libinit2.o(.ARM.Collect$$libinit$$0000002C)
    .ARM.Collect$$libinit$$0000002E          0x080001c6   Section        0  libinit2.o(.ARM.Collect$$libinit$$0000002E)
    .ARM.Collect$$libinit$$00000030          0x080001c6   Section        0  libinit2.o(.ARM.Collect$$libinit$$00000030)
    .ARM.Collect$$libinit$$00000032          0x080001c6   Section        0  libinit2.o(.ARM.Collect$$libinit$$00000032)
    .ARM.Collect$$libinit$$00000033          0x080001c6   Section        2  libinit2.o(.ARM.Collect$$libinit$$00000033)
    .ARM.Collect$$libshutdown$$00000000      0x080001c8   Section        2  libshutdown.o(.ARM.Collect$$libshutdown$$00000000)
    .ARM.Collect$$libshutdown$$00000003      0x080001ca   Section        0  libshutdown2.o(.ARM.Collect$$libshutdown$$00000003)
    .ARM.Collect$$libshutdown$$00000006      0x080001ca   Section        0  libshutdown2.o(.ARM.Collect$$libshutdown$$00000006)
    .ARM.Collect$$libshutdown$$00000009      0x080001ca   Section        0  libshutdown2.o(.ARM.Collect$$libshutdown$$00000009)
    .ARM.Collect$$libshutdown$$0000000B      0x080001ca   Section        0  libshutdown2.o(.ARM.Collect$$libshutdown$$0000000B)
    .ARM.Collect$$libshutdown$$0000000E      0x080001ca   Section        0  libshutdown2.o(.ARM.Collect$$libshutdown$$0000000E)
    .ARM.Collect$$libshutdown$$0000000F      0x080001ca   Section        2  libshutdown2.o(.ARM.Collect$$libshutdown$$0000000F)
    .ARM.Collect$$rtentry$$00000000          0x080001cc   Section        0  __rtentry.o(.ARM.Collect$$rtentry$$00000000)
    .ARM.Collect$$rtentry$$00000002          0x080001cc   Section        0  __rtentry2.o(.ARM.Collect$$rtentry$$00000002)
    .ARM.Collect$$rtentry$$00000004          0x080001cc   Section        6  __rtentry4.o(.ARM.Collect$$rtentry$$00000004)
    .ARM.Collect$$rtentry$$00000009          0x080001d2   Section        0  __rtentry2.o(.ARM.Collect$$rtentry$$00000009)
    .ARM.Collect$$rtentry$$0000000A          0x080001d2   Section        4  __rtentry2.o(.ARM.Collect$$rtentry$$0000000A)
    .ARM.Collect$$rtentry$$0000000C          0x080001d6   Section        0  __rtentry2.o(.ARM.Collect$$rtentry$$0000000C)
    .ARM.Collect$$rtentry$$0000000D          0x080001d6   Section        8  __rtentry2.o(.ARM.Collect$$rtentry$$0000000D)
    .ARM.Collect$$rtexit$$00000000           0x080001de   Section        2  rtexit.o(.ARM.Collect$$rtexit$$00000000)
    .ARM.Collect$$rtexit$$00000002           0x080001e0   Section        0  rtexit2.o(.ARM.Collect$$rtexit$$00000002)
    .ARM.Collect$$rtexit$$00000003           0x080001e0   Section        4  rtexit2.o(.ARM.Collect$$rtexit$$00000003)
    .ARM.Collect$$rtexit$$00000004           0x080001e4   Section        6  rtexit2.o(.ARM.Collect$$rtexit$$00000004)
    .text                                    0x080001ec   Section       64  startup_stm32f10x_hd.o(.text)
    .text                                    0x0800022c   Section        2  use_no_semi_2.o(.text)
    .text                                    0x08000230   Section        0  __2printf.o(.text)
    .text                                    0x08000248   Section        0  _printf_str.o(.text)
    .text                                    0x0800029c   Section        0  __printf_flags_ss_wp.o(.text)
    .text                                    0x08000424   Section        0  heapauxi.o(.text)
    .text                                    0x0800042a   Section        2  use_no_semi.o(.text)
    .text                                    0x0800042c   Section        0  _printf_fp_dec.o(.text)
    _fp_digits                               0x0800042f   Thumb Code   428  _printf_fp_dec.o(.text)
    .text                                    0x08000848   Section        0  _printf_char_common.o(.text)
    _printf_input_char                       0x08000849   Thumb Code    10  _printf_char_common.o(.text)
    .text                                    0x08000878   Section        0  _printf_char.o(.text)
    .text                                    0x080008a4   Section        0  _printf_char_file.o(.text)
    .text                                    0x080008c8   Section        8  rt_locale_intlibspace.o(.text)
    .text                                    0x080008d0   Section      138  lludiv10.o(.text)
    .text                                    0x0800095c   Section        0  _printf_fp_infnan.o(.text)
    .text                                    0x080009dc   Section        0  bigflt0.o(.text)
    .text                                    0x08000ab8   Section        0  ferror.o(.text)
    .text                                    0x08000ac0   Section        8  libspace.o(.text)
    .text                                    0x08000ac8   Section       74  sys_stackheap_outer.o(.text)
    .text                                    0x08000b12   Section        0  exit.o(.text)
    .text                                    0x08000b20   Section      128  strcmpv7m.o(.text)
    CL$$btod_d2e                             0x08000ba0   Section       62  btod.o(CL$$btod_d2e)
    CL$$btod_d2e_denorm_low                  0x08000bde   Section       70  btod.o(CL$$btod_d2e_denorm_low)
    CL$$btod_d2e_norm_op1                    0x08000c24   Section       96  btod.o(CL$$btod_d2e_norm_op1)
    CL$$btod_div_common                      0x08000c84   Section      824  btod.o(CL$$btod_div_common)
    CL$$btod_e2e                             0x08000fbc   Section      198  btod.o(CL$$btod_e2e)
    CL$$btod_ediv                            0x08001082   Section       40  btod.o(CL$$btod_ediv)
    CL$$btod_emul                            0x080010aa   Section       40  btod.o(CL$$btod_emul)
    CL$$btod_mult_common                     0x080010d2   Section      580  btod.o(CL$$btod_mult_common)
    i.ADC_Cmd                                0x08001316   Section        0  stm32f10x_adc.o(i.ADC_Cmd)
    i.ADC_DeInit                             0x0800132c   Section        0  stm32f10x_adc.o(i.ADC_DeInit)
    i.ADC_GetCalibrationStatus               0x08001388   Section        0  stm32f10x_adc.o(i.ADC_GetCalibrationStatus)
    i.ADC_GetConversionValue                 0x0800139c   Section        0  stm32f10x_adc.o(i.ADC_GetConversionValue)
    i.ADC_GetFlagStatus                      0x080013a4   Section        0  stm32f10x_adc.o(i.ADC_GetFlagStatus)
    i.ADC_GetResetCalibrationStatus          0x080013b6   Section        0  stm32f10x_adc.o(i.ADC_GetResetCalibrationStatus)
    i.ADC_Init                               0x080013cc   Section        0  stm32f10x_adc.o(i.ADC_Init)
    i.ADC_RegularChannelConfig               0x0800141c   Section        0  stm32f10x_adc.o(i.ADC_RegularChannelConfig)
    i.ADC_ResetCalibration                   0x080014d4   Section        0  stm32f10x_adc.o(i.ADC_ResetCalibration)
    i.ADC_SoftwareStartConvCmd               0x080014de   Section        0  stm32f10x_adc.o(i.ADC_SoftwareStartConvCmd)
    i.ADC_StartCalibration                   0x080014f4   Section        0  stm32f10x_adc.o(i.ADC_StartCalibration)
    i.Adc3_Init                              0x08001500   Section        0  adc.o(i.Adc3_Init)
    i.BusFault_Handler                       0x0800157c   Section        0  stm32f10x_it.o(i.BusFault_Handler)
    i.DHT11_Check                            0x08001580   Section        0  dht11.o(i.DHT11_Check)
    i.DHT11_Init                             0x080015e4   Section        0  dht11.o(i.DHT11_Init)
    i.DHT11_Read_Bit                         0x08001620   Section        0  dht11.o(i.DHT11_Read_Bit)
    i.DHT11_Read_Byte                        0x0800166c   Section        0  dht11.o(i.DHT11_Read_Byte)
    i.DHT11_Read_Data                        0x0800168a   Section        0  dht11.o(i.DHT11_Read_Data)
    i.DHT11_Rst                              0x080016e4   Section        0  dht11.o(i.DHT11_Rst)
    i.DS18B20_Check                          0x08001724   Section        0  ds18b20.o(i.DS18B20_Check)
    i.DS18B20_Get_Temp                       0x08001788   Section        0  ds18b20.o(i.DS18B20_Get_Temp)
    i.DS18B20_Init                           0x08001814   Section        0  ds18b20.o(i.DS18B20_Init)
    i.DS18B20_Read_Bit                       0x08001854   Section        0  ds18b20.o(i.DS18B20_Read_Bit)
    i.DS18B20_Read_Byte                      0x080018c0   Section        0  ds18b20.o(i.DS18B20_Read_Byte)
    i.DS18B20_Rst                            0x080018e4   Section        0  ds18b20.o(i.DS18B20_Rst)
    i.DS18B20_Start                          0x08001928   Section        0  ds18b20.o(i.DS18B20_Start)
    i.DS18B20_Write_Byte                     0x08001940   Section        0  ds18b20.o(i.DS18B20_Write_Byte)
    i.DebugMon_Handler                       0x080019b4   Section        0  stm32f10x_it.o(i.DebugMon_Handler)
    i.FSMC_NORSRAMCmd                        0x080019b8   Section        0  stm32f10x_fsmc.o(i.FSMC_NORSRAMCmd)
    i.FSMC_NORSRAMInit                       0x080019ec   Section        0  stm32f10x_fsmc.o(i.FSMC_NORSRAMInit)
    i.GPIO_Init                              0x08001ad2   Section        0  stm32f10x_gpio.o(i.GPIO_Init)
    i.GPIO_SetBits                           0x08001be8   Section        0  stm32f10x_gpio.o(i.GPIO_SetBits)
    i.Get_Adc3                               0x08001bec   Section        0  adc.o(i.Get_Adc3)
    i.HardFault_Handler                      0x08001c20   Section        0  stm32f10x_it.o(i.HardFault_Handler)
    i.LCD_Clear                              0x08001c24   Section        0  lcd.o(i.LCD_Clear)
    i.LCD_Display_Dir                        0x08001c90   Section        0  lcd.o(i.LCD_Display_Dir)
    i.LCD_Fast_DrawPoint                     0x08001e50   Section        0  lcd.o(i.LCD_Fast_DrawPoint)
    i.LCD_Fill                               0x08001fcc   Section        0  lcd.o(i.LCD_Fill)
    i.LCD_Init                               0x08002088   Section        0  lcd.o(i.LCD_Init)
    i.LCD_Pow                                0x080057e4   Section        0  lcd.o(i.LCD_Pow)
    i.LCD_RD_DATA                            0x080057fc   Section        0  lcd.o(i.LCD_RD_DATA)
    i.LCD_ReadReg                            0x08005810   Section        0  lcd.o(i.LCD_ReadReg)
    i.LCD_SSD_BackLightSet                   0x08005828   Section        0  lcd.o(i.LCD_SSD_BackLightSet)
    i.LCD_Scan_Dir                           0x0800587c   Section        0  lcd.o(i.LCD_Scan_Dir)
    i.LCD_SetCursor                          0x08005b68   Section        0  lcd.o(i.LCD_SetCursor)
    i.LCD_ShowChar                           0x08005d10   Section        0  lcd.o(i.LCD_ShowChar)
    i.LCD_ShowNum                            0x08005e38   Section        0  lcd.o(i.LCD_ShowNum)
    i.LCD_ShowString                         0x08005ecc   Section        0  lcd.o(i.LCD_ShowString)
    i.LCD_WR_DATA                            0x08005f34   Section        0  lcd.o(i.LCD_WR_DATA)
    i.LCD_WR_REG                             0x08005f40   Section        0  lcd.o(i.LCD_WR_REG)
    i.LCD_WriteRAM_Prepare                   0x08005f4c   Section        0  lcd.o(i.LCD_WriteRAM_Prepare)
    i.LCD_WriteReg                           0x08005f60   Section        0  lcd.o(i.LCD_WriteReg)
    i.LED_Init                               0x08005f70   Section        0  led.o(i.LED_Init)
    i.Lsens_Get_Val                          0x08005fbc   Section        0  lsens.o(i.Lsens_Get_Val)
    i.Lsens_Init                             0x08005ff8   Section        0  lsens.o(i.Lsens_Init)
    i.MemManage_Handler                      0x08006024   Section        0  stm32f10x_it.o(i.MemManage_Handler)
    i.NMI_Handler                            0x08006028   Section        0  stm32f10x_it.o(i.NMI_Handler)
    i.NVIC_Init                              0x0800602c   Section        0  misc.o(i.NVIC_Init)
    i.NVIC_PriorityGroupConfig               0x0800609c   Section        0  misc.o(i.NVIC_PriorityGroupConfig)
    i.PendSV_Handler                         0x080060b0   Section        0  stm32f10x_it.o(i.PendSV_Handler)
    i.RCC_AHBPeriphClockCmd                  0x080060b4   Section        0  stm32f10x_rcc.o(i.RCC_AHBPeriphClockCmd)
    i.RCC_APB2PeriphClockCmd                 0x080060d4   Section        0  stm32f10x_rcc.o(i.RCC_APB2PeriphClockCmd)
    i.RCC_APB2PeriphResetCmd                 0x080060f4   Section        0  stm32f10x_rcc.o(i.RCC_APB2PeriphResetCmd)
    i.RCC_GetClocksFreq                      0x08006114   Section        0  stm32f10x_rcc.o(i.RCC_GetClocksFreq)
    i.SVC_Handler                            0x080061e8   Section        0  stm32f10x_it.o(i.SVC_Handler)
    i.SetSysClock                            0x080061ea   Section        0  system_stm32f10x.o(i.SetSysClock)
    SetSysClock                              0x080061eb   Thumb Code     8  system_stm32f10x.o(i.SetSysClock)
    i.SetSysClockTo72                        0x080061f4   Section        0  system_stm32f10x.o(i.SetSysClockTo72)
    SetSysClockTo72                          0x080061f5   Thumb Code   214  system_stm32f10x.o(i.SetSysClockTo72)
    i.SysTick_CLKSourceConfig                0x080062d4   Section        0  misc.o(i.SysTick_CLKSourceConfig)
    i.SysTick_Handler                        0x080062fc   Section        0  stm32f10x_it.o(i.SysTick_Handler)
    i.SystemInit                             0x08006300   Section        0  system_stm32f10x.o(i.SystemInit)
    i.TIM7_IRQHandler                        0x08006360   Section        0  timer.o(i.TIM7_IRQHandler)
    i.TIM_ClearITPendingBit                  0x08006394   Section        0  stm32f10x_tim.o(i.TIM_ClearITPendingBit)
    i.TIM_Cmd                                0x0800639a   Section        0  stm32f10x_tim.o(i.TIM_Cmd)
    i.TIM_GetITStatus                        0x080063b2   Section        0  stm32f10x_tim.o(i.TIM_GetITStatus)
    i.TIM_SetCounter                         0x080063d4   Section        0  stm32f10x_tim.o(i.TIM_SetCounter)
    i.USART1_IRQHandler                      0x080063d8   Section        0  usart.o(i.USART1_IRQHandler)
    i.USART3_IRQHandler                      0x08006460   Section        0  usart3.o(i.USART3_IRQHandler)
    i.USART_Cmd                              0x080064d0   Section        0  stm32f10x_usart.o(i.USART_Cmd)
    i.USART_GetITStatus                      0x080064e8   Section        0  stm32f10x_usart.o(i.USART_GetITStatus)
    i.USART_ITConfig                         0x0800653c   Section        0  stm32f10x_usart.o(i.USART_ITConfig)
    i.USART_Init                             0x08006588   Section        0  stm32f10x_usart.o(i.USART_Init)
    i.USART_ReceiveData                      0x08006660   Section        0  stm32f10x_usart.o(i.USART_ReceiveData)
    i.UsageFault_Handler                     0x0800666a   Section        0  stm32f10x_it.o(i.UsageFault_Handler)
    i.__ARM_fpclassify                       0x0800666e   Section        0  fpclassify.o(i.__ARM_fpclassify)
    i._is_digit                              0x08006696   Section        0  __printf_wp.o(i._is_digit)
    i._sys_exit                              0x080066a4   Section        0  usart.o(i._sys_exit)
    i.delay_init                             0x080066ac   Section        0  delay.o(i.delay_init)
    i.delay_ms                               0x080066f0   Section        0  delay.o(i.delay_ms)
    i.delay_us                               0x0800673c   Section        0  delay.o(i.delay_us)
    i.fputc                                  0x08006788   Section        0  usart.o(i.fputc)
    i.main                                   0x080067a4   Section        0  main.o(i.main)
    i.numToString                            0x08006ad4   Section        0  esp8266.o(i.numToString)
    i.uart_init                              0x08006b3c   Section        0  usart.o(i.uart_init)
    locale$$code                             0x08006bdc   Section       44  lc_numeric_c.o(locale$$code)
    x$fpl$dfix                               0x08006c08   Section       94  dfix.o(x$fpl$dfix)
    x$fpl$dfixu                              0x08006c68   Section       90  dfixu.o(x$fpl$dfixu)
    x$fpl$dfltu                              0x08006cc2   Section       38  dflt_clz.o(x$fpl$dfltu)
    x$fpl$dmul                               0x08006ce8   Section      340  dmul.o(x$fpl$dmul)
    x$fpl$dnaninf                            0x08006e3c   Section      156  dnaninf.o(x$fpl$dnaninf)
    x$fpl$dretinf                            0x08006ed8   Section       12  dretinf.o(x$fpl$dretinf)
    x$fpl$f2d                                0x08006ee4   Section       86  f2d.o(x$fpl$f2d)
    x$fpl$ffixu                              0x08006f3c   Section       62  ffixu.o(x$fpl$ffixu)
    x$fpl$fflt                               0x08006f7c   Section       48  fflt_clz.o(x$fpl$fflt)
    x$fpl$fnaninf                            0x08006fac   Section      140  fnaninf.o(x$fpl$fnaninf)
    x$fpl$printf1                            0x08007038   Section        4  printf1.o(x$fpl$printf1)
    .constdata                               0x0800703c   Section     6080  lcd.o(.constdata)
    x$fpl$usenofp                            0x0800703c   Section        0  usenofp.o(x$fpl$usenofp)
    .constdata                               0x080087fc   Section       17  __printf_flags_ss_wp.o(.constdata)
    maptable                                 0x080087fc   Data          17  __printf_flags_ss_wp.o(.constdata)
    .constdata                               0x08008810   Section      148  bigflt0.o(.constdata)
    tenpwrs_x                                0x08008810   Data          60  bigflt0.o(.constdata)
    tenpwrs_i                                0x0800884c   Data          64  bigflt0.o(.constdata)
    .conststring                             0x080088a4   Section      113  esp8266.o(.conststring)
    locale$$data                             0x08008938   Section       28  lc_numeric_c.o(locale$$data)
    __lcnum_c_name                           0x0800893c   Data           2  lc_numeric_c.o(locale$$data)
    __lcnum_c_start                          0x08008944   Data           0  lc_numeric_c.o(locale$$data)
    __lcnum_c_point                          0x08008950   Data           0  lc_numeric_c.o(locale$$data)
    __lcnum_c_thousands                      0x08008952   Data           0  lc_numeric_c.o(locale$$data)
    __lcnum_c_grouping                       0x08008953   Data           0  lc_numeric_c.o(locale$$data)
    __lcnum_c_end                            0x08008954   Data           0  lc_numeric_c.o(locale$$data)
    .data                                    0x20000000   Section       20  system_stm32f10x.o(.data)
    .data                                    0x20000014   Section        4  delay.o(.data)
    fac_us                                   0x20000014   Data           1  delay.o(.data)
    fac_ms                                   0x20000016   Data           2  delay.o(.data)
    .data                                    0x20000018   Section        6  usart.o(.data)
    .data                                    0x2000001e   Section       20  stm32f10x_rcc.o(.data)
    APBAHBPrescTable                         0x2000001e   Data          16  stm32f10x_rcc.o(.data)
    ADCPrescTable                            0x2000002e   Data           4  stm32f10x_rcc.o(.data)
    .data                                    0x20000032   Section        4  usart3.o(.data)
    .data                                    0x20000038   Section       24  esp8266.o(.data)
    .data                                    0x20000050   Section        4  lcd.o(.data)
    .bss                                     0x20000054   Section      200  usart.o(.bss)
    .bss                                     0x2000011c   Section     2048  usart3.o(.bss)
    .bss                                     0x2000091c   Section       14  lcd.o(.bss)
    .bss                                     0x2000092c   Section       96  libspace.o(.bss)
    HEAP                                     0x20000990   Section      512  startup_stm32f10x_hd.o(HEAP)
    Heap_Mem                                 0x20000990   Data         512  startup_stm32f10x_hd.o(HEAP)
    STACK                                    0x20000b90   Section     1024  startup_stm32f10x_hd.o(STACK)
    Stack_Mem                                0x20000b90   Data        1024  startup_stm32f10x_hd.o(STACK)
    __initial_sp                             0x20000f90   Data           0  startup_stm32f10x_hd.o(STACK)

    Global Symbols

    Symbol Name                              Value     Ov Type        Size  Object(Section)

    BuildAttributes$$THM_ISAv4$P$D$K$B$S$PE$A:L22UL41UL21$X:L11$S22US41US21$IEEE1$IW$USESV6$~STKCKD$USESV7$~SHL$OTIME$ROPI$IEEEJ$EBA8$UX$STANDARDLIB$REQ8$PRES8$EABIv2 0x00000000   Number         0  anon$$obj.o ABSOLUTE
    __ARM_use_no_argv                        0x00000000   Number         0  main.o ABSOLUTE
    _printf_flags                            0x00000000   Number         0  printf_stubs.o ABSOLUTE
    _printf_return_value                     0x00000000   Number         0  printf_stubs.o ABSOLUTE
    _printf_sizespec                         0x00000000   Number         0  printf_stubs.o ABSOLUTE
    _printf_widthprec                        0x00000000   Number         0  printf_stubs.o ABSOLUTE
    __ARM_exceptions_init                     - Undefined Weak Reference
    __alloca_initialize                       - Undefined Weak Reference
    __arm_preinit_                            - Undefined Weak Reference
    __cpp_initialize__aeabi_                  - Undefined Weak Reference
    __cxa_finalize                            - Undefined Weak Reference
    __sigvec_lookup                           - Undefined Weak Reference
    _atexit_init                              - Undefined Weak Reference
    _call_atexit_fns                          - Undefined Weak Reference
    _clock_init                               - Undefined Weak Reference
    _fp_trap_init                             - Undefined Weak Reference
    _fp_trap_shutdown                         - Undefined Weak Reference
    _get_lc_collate                           - Undefined Weak Reference
    _get_lc_monetary                          - Undefined Weak Reference
    _get_lc_time                              - Undefined Weak Reference
    _getenv_init                              - Undefined Weak Reference
    _handle_redirection                       - Undefined Weak Reference
    _init_alloc                               - Undefined Weak Reference
    _init_user_alloc                          - Undefined Weak Reference
    _initio                                   - Undefined Weak Reference
    _mutex_acquire                            - Undefined Weak Reference
    _mutex_release                            - Undefined Weak Reference
    _printf_fp_hex                            - Undefined Weak Reference
    _printf_mbtowc                            - Undefined Weak Reference
    _printf_wc                                - Undefined Weak Reference
    _rand_init                                - Undefined Weak Reference
    _signal_finish                            - Undefined Weak Reference
    _signal_init                              - Undefined Weak Reference
    _terminate_alloc                          - Undefined Weak Reference
    _terminate_user_alloc                     - Undefined Weak Reference
    _terminateio                              - Undefined Weak Reference
    __Vectors_Size                           0x00000130   Number         0  startup_stm32f10x_hd.o ABSOLUTE
    __Vectors                                0x08000000   Data           4  startup_stm32f10x_hd.o(RESET)
    __Vectors_End                            0x08000130   Data           0  startup_stm32f10x_hd.o(RESET)
    __main                                   0x08000131   Thumb Code     8  __main.o(!!!main)
    __scatterload                            0x08000139   Thumb Code     0  __scatter.o(!!!scatter)
    __scatterload_rt2                        0x08000139   Thumb Code    44  __scatter.o(!!!scatter)
    __scatterload_rt2_thumb_only             0x08000139   Thumb Code     0  __scatter.o(!!!scatter)
    __scatterload_null                       0x08000147   Thumb Code     0  __scatter.o(!!!scatter)
    __scatterload_copy                       0x0800016d   Thumb Code    26  __scatter_copy.o(!!handler_copy)
    __scatterload_zeroinit                   0x08000189   Thumb Code    28  __scatter_zi.o(!!handler_zi)
    _printf_f                                0x080001a5   Thumb Code     0  _printf_f.o(.ARM.Collect$$_printf_percent$$00000003)
    _printf_percent                          0x080001a5   Thumb Code     0  _printf_percent.o(.ARM.Collect$$_printf_percent$$00000000)
    _printf_s                                0x080001ab   Thumb Code     0  _printf_s.o(.ARM.Collect$$_printf_percent$$00000014)
    _printf_percent_end                      0x080001b1   Thumb Code     0  _printf_percent_end.o(.ARM.Collect$$_printf_percent$$00000017)
    __rt_lib_init                            0x080001b5   Thumb Code     0  libinit.o(.ARM.Collect$$libinit$$00000000)
    __rt_lib_init_fp_1                       0x080001b7   Thumb Code     0  libinit2.o(.ARM.Collect$$libinit$$00000002)
    __rt_lib_init_heap_1                     0x080001b7   Thumb Code     0  libinit2.o(.ARM.Collect$$libinit$$0000000A)
    __rt_lib_init_lc_common                  0x080001b7   Thumb Code     0  libinit2.o(.ARM.Collect$$libinit$$0000000F)
    __rt_lib_init_preinit_1                  0x080001b7   Thumb Code     0  libinit2.o(.ARM.Collect$$libinit$$00000004)
    __rt_lib_init_rand_1                     0x080001b7   Thumb Code     0  libinit2.o(.ARM.Collect$$libinit$$0000000E)
    __rt_lib_init_user_alloc_1               0x080001b7   Thumb Code     0  libinit2.o(.ARM.Collect$$libinit$$0000000C)
    __rt_lib_init_lc_collate_1               0x080001bd   Thumb Code     0  libinit2.o(.ARM.Collect$$libinit$$00000011)
    __rt_lib_init_lc_ctype_1                 0x080001bd   Thumb Code     0  libinit2.o(.ARM.Collect$$libinit$$00000013)
    __rt_lib_init_lc_monetary_1              0x080001bd   Thumb Code     0  libinit2.o(.ARM.Collect$$libinit$$00000015)
    __rt_lib_init_lc_numeric_2               0x080001bd   Thumb Code     0  libinit2.o(.ARM.Collect$$libinit$$00000016)
    __rt_lib_init_alloca_1                   0x080001c7   Thumb Code     0  libinit2.o(.ARM.Collect$$libinit$$0000002E)
    __rt_lib_init_argv_1                     0x080001c7   Thumb Code     0  libinit2.o(.ARM.Collect$$libinit$$0000002C)
    __rt_lib_init_atexit_1                   0x080001c7   Thumb Code     0  libinit2.o(.ARM.Collect$$libinit$$0000001B)
    __rt_lib_init_clock_1                    0x080001c7   Thumb Code     0  libinit2.o(.ARM.Collect$$libinit$$00000021)
    __rt_lib_init_cpp_1                      0x080001c7   Thumb Code     0  libinit2.o(.ARM.Collect$$libinit$$00000032)
    __rt_lib_init_exceptions_1               0x080001c7   Thumb Code     0  libinit2.o(.ARM.Collect$$libinit$$00000030)
    __rt_lib_init_fp_trap_1                  0x080001c7   Thumb Code     0  libinit2.o(.ARM.Collect$$libinit$$0000001F)
    __rt_lib_init_getenv_1                   0x080001c7   Thumb Code     0  libinit2.o(.ARM.Collect$$libinit$$00000023)
    __rt_lib_init_lc_numeric_1               0x080001c7   Thumb Code     0  libinit2.o(.ARM.Collect$$libinit$$00000017)
    __rt_lib_init_lc_time_1                  0x080001c7   Thumb Code     0  libinit2.o(.ARM.Collect$$libinit$$00000019)
    __rt_lib_init_return                     0x080001c7   Thumb Code     0  libinit2.o(.ARM.Collect$$libinit$$00000033)
    __rt_lib_init_signal_1                   0x080001c7   Thumb Code     0  libinit2.o(.ARM.Collect$$libinit$$0000001D)
    __rt_lib_init_stdio_1                    0x080001c7   Thumb Code     0  libinit2.o(.ARM.Collect$$libinit$$00000025)
    __rt_lib_shutdown                        0x080001c9   Thumb Code     0  libshutdown.o(.ARM.Collect$$libshutdown$$00000000)
    __rt_lib_shutdown_fp_trap_1              0x080001cb   Thumb Code     0  libshutdown2.o(.ARM.Collect$$libshutdown$$00000006)
    __rt_lib_shutdown_heap_1                 0x080001cb   Thumb Code     0  libshutdown2.o(.ARM.Collect$$libshutdown$$0000000E)
    __rt_lib_shutdown_return                 0x080001cb   Thumb Code     0  libshutdown2.o(.ARM.Collect$$libshutdown$$0000000F)
    __rt_lib_shutdown_signal_1               0x080001cb   Thumb Code     0  libshutdown2.o(.ARM.Collect$$libshutdown$$00000009)
    __rt_lib_shutdown_stdio_1                0x080001cb   Thumb Code     0  libshutdown2.o(.ARM.Collect$$libshutdown$$00000003)
    __rt_lib_shutdown_user_alloc_1           0x080001cb   Thumb Code     0  libshutdown2.o(.ARM.Collect$$libshutdown$$0000000B)
    __rt_entry                               0x080001cd   Thumb Code     0  __rtentry.o(.ARM.Collect$$rtentry$$00000000)
    __rt_entry_presh_1                       0x080001cd   Thumb Code     0  __rtentry2.o(.ARM.Collect$$rtentry$$00000002)
    __rt_entry_sh                            0x080001cd   Thumb Code     0  __rtentry4.o(.ARM.Collect$$rtentry$$00000004)
    __rt_entry_li                            0x080001d3   Thumb Code     0  __rtentry2.o(.ARM.Collect$$rtentry$$0000000A)
    __rt_entry_postsh_1                      0x080001d3   Thumb Code     0  __rtentry2.o(.ARM.Collect$$rtentry$$00000009)
    __rt_entry_main                          0x080001d7   Thumb Code     0  __rtentry2.o(.ARM.Collect$$rtentry$$0000000D)
    __rt_entry_postli_1                      0x080001d7   Thumb Code     0  __rtentry2.o(.ARM.Collect$$rtentry$$0000000C)
    __rt_exit                                0x080001df   Thumb Code     0  rtexit.o(.ARM.Collect$$rtexit$$00000000)
    __rt_exit_ls                             0x080001e1   Thumb Code     0  rtexit2.o(.ARM.Collect$$rtexit$$00000003)
    __rt_exit_prels_1                        0x080001e1   Thumb Code     0  rtexit2.o(.ARM.Collect$$rtexit$$00000002)
    __rt_exit_exit                           0x080001e5   Thumb Code     0  rtexit2.o(.ARM.Collect$$rtexit$$00000004)
    Reset_Handler                            0x080001ed   Thumb Code     8  startup_stm32f10x_hd.o(.text)
    ADC1_2_IRQHandler                        0x08000207   Thumb Code     0  startup_stm32f10x_hd.o(.text)
    ADC3_IRQHandler                          0x08000207   Thumb Code     0  startup_stm32f10x_hd.o(.text)
    CAN1_RX1_IRQHandler                      0x08000207   Thumb Code     0  startup_stm32f10x_hd.o(.text)
    CAN1_SCE_IRQHandler                      0x08000207   Thumb Code     0  startup_stm32f10x_hd.o(.text)
    DMA1_Channel1_IRQHandler                 0x08000207   Thumb Code     0  startup_stm32f10x_hd.o(.text)
    DMA1_Channel2_IRQHandler                 0x08000207   Thumb Code     0  startup_stm32f10x_hd.o(.text)
    DMA1_Channel3_IRQHandler                 0x08000207   Thumb Code     0  startup_stm32f10x_hd.o(.text)
    DMA1_Channel4_IRQHandler                 0x08000207   Thumb Code     0  startup_stm32f10x_hd.o(.text)
    DMA1_Channel5_IRQHandler                 0x08000207   Thumb Code     0  startup_stm32f10x_hd.o(.text)
    DMA1_Channel6_IRQHandler                 0x08000207   Thumb Code     0  startup_stm32f10x_hd.o(.text)
    DMA1_Channel7_IRQHandler                 0x08000207   Thumb Code     0  startup_stm32f10x_hd.o(.text)
    DMA2_Channel1_IRQHandler                 0x08000207   Thumb Code     0  startup_stm32f10x_hd.o(.text)
    DMA2_Channel2_IRQHandler                 0x08000207   Thumb Code     0  startup_stm32f10x_hd.o(.text)
    DMA2_Channel3_IRQHandler                 0x08000207   Thumb Code     0  startup_stm32f10x_hd.o(.text)
    DMA2_Channel4_5_IRQHandler               0x08000207   Thumb Code     0  startup_stm32f10x_hd.o(.text)
    EXTI0_IRQHandler                         0x08000207   Thumb Code     0  startup_stm32f10x_hd.o(.text)
    EXTI15_10_IRQHandler                     0x08000207   Thumb Code     0  startup_stm32f10x_hd.o(.text)
    EXTI1_IRQHandler                         0x08000207   Thumb Code     0  startup_stm32f10x_hd.o(.text)
    EXTI2_IRQHandler                         0x08000207   Thumb Code     0  startup_stm32f10x_hd.o(.text)
    EXTI3_IRQHandler                         0x08000207   Thumb Code     0  startup_stm32f10x_hd.o(.text)
    EXTI4_IRQHandler                         0x08000207   Thumb Code     0  startup_stm32f10x_hd.o(.text)
    EXTI9_5_IRQHandler                       0x08000207   Thumb Code     0  startup_stm32f10x_hd.o(.text)
    FLASH_IRQHandler                         0x08000207   Thumb Code     0  startup_stm32f10x_hd.o(.text)
    FSMC_IRQHandler                          0x08000207   Thumb Code     0  startup_stm32f10x_hd.o(.text)
    I2C1_ER_IRQHandler                       0x08000207   Thumb Code     0  startup_stm32f10x_hd.o(.text)
    I2C1_EV_IRQHandler                       0x08000207   Thumb Code     0  startup_stm32f10x_hd.o(.text)
    I2C2_ER_IRQHandler                       0x08000207   Thumb Code     0  startup_stm32f10x_hd.o(.text)
    I2C2_EV_IRQHandler                       0x08000207   Thumb Code     0  startup_stm32f10x_hd.o(.text)
    PVD_IRQHandler                           0x08000207   Thumb Code     0  startup_stm32f10x_hd.o(.text)
    RCC_IRQHandler                           0x08000207   Thumb Code     0  startup_stm32f10x_hd.o(.text)
    RTCAlarm_IRQHandler                      0x08000207   Thumb Code     0  startup_stm32f10x_hd.o(.text)
    RTC_IRQHandler                           0x08000207   Thumb Code     0  startup_stm32f10x_hd.o(.text)
    SDIO_IRQHandler                          0x08000207   Thumb Code     0  startup_stm32f10x_hd.o(.text)
    SPI1_IRQHandler                          0x08000207   Thumb Code     0  startup_stm32f10x_hd.o(.text)
    SPI2_IRQHandler                          0x08000207   Thumb Code     0  startup_stm32f10x_hd.o(.text)
    SPI3_IRQHandler                          0x08000207   Thumb Code     0  startup_stm32f10x_hd.o(.text)
    TAMPER_IRQHandler                        0x08000207   Thumb Code     0  startup_stm32f10x_hd.o(.text)
    TIM1_BRK_IRQHandler                      0x08000207   Thumb Code     0  startup_stm32f10x_hd.o(.text)
    TIM1_CC_IRQHandler                       0x08000207   Thumb Code     0  startup_stm32f10x_hd.o(.text)
    TIM1_TRG_COM_IRQHandler                  0x08000207   Thumb Code     0  startup_stm32f10x_hd.o(.text)
    TIM1_UP_IRQHandler                       0x08000207   Thumb Code     0  startup_stm32f10x_hd.o(.text)
    TIM2_IRQHandler                          0x08000207   Thumb Code     0  startup_stm32f10x_hd.o(.text)
    TIM3_IRQHandler                          0x08000207   Thumb Code     0  startup_stm32f10x_hd.o(.text)
    TIM4_IRQHandler                          0x08000207   Thumb Code     0  startup_stm32f10x_hd.o(.text)
    TIM5_IRQHandler                          0x08000207   Thumb Code     0  startup_stm32f10x_hd.o(.text)
    TIM6_IRQHandler                          0x08000207   Thumb Code     0  startup_stm32f10x_hd.o(.text)
    TIM8_BRK_IRQHandler                      0x08000207   Thumb Code     0  startup_stm32f10x_hd.o(.text)
    TIM8_CC_IRQHandler                       0x08000207   Thumb Code     0  startup_stm32f10x_hd.o(.text)
    TIM8_TRG_COM_IRQHandler                  0x08000207   Thumb Code     0  startup_stm32f10x_hd.o(.text)
    TIM8_UP_IRQHandler                       0x08000207   Thumb Code     0  startup_stm32f10x_hd.o(.text)
    UART4_IRQHandler                         0x08000207   Thumb Code     0  startup_stm32f10x_hd.o(.text)
    UART5_IRQHandler                         0x08000207   Thumb Code     0  startup_stm32f10x_hd.o(.text)
    USART2_IRQHandler                        0x08000207   Thumb Code     0  startup_stm32f10x_hd.o(.text)
    USBWakeUp_IRQHandler                     0x08000207   Thumb Code     0  startup_stm32f10x_hd.o(.text)
    USB_HP_CAN1_TX_IRQHandler                0x08000207   Thumb Code     0  startup_stm32f10x_hd.o(.text)
    USB_LP_CAN1_RX0_IRQHandler               0x08000207   Thumb Code     0  startup_stm32f10x_hd.o(.text)
    WWDG_IRQHandler                          0x08000207   Thumb Code     0  startup_stm32f10x_hd.o(.text)
    __user_initial_stackheap                 0x08000209   Thumb Code     0  startup_stm32f10x_hd.o(.text)
    __use_no_semihosting                     0x0800022d   Thumb Code     2  use_no_semi_2.o(.text)
    __2printf                                0x08000231   Thumb Code    20  __2printf.o(.text)
    _printf_str                              0x08000249   Thumb Code    82  _printf_str.o(.text)
    __printf                                 0x0800029d   Thumb Code   388  __printf_flags_ss_wp.o(.text)
    __use_two_region_memory                  0x08000425   Thumb Code     2  heapauxi.o(.text)
    __rt_heap_escrow$2region                 0x08000427   Thumb Code     2  heapauxi.o(.text)
    __rt_heap_expand$2region                 0x08000429   Thumb Code     2  heapauxi.o(.text)
    __I$use$semihosting                      0x0800042b   Thumb Code     0  use_no_semi.o(.text)
    __use_no_semihosting_swi                 0x0800042b   Thumb Code     2  use_no_semi.o(.text)
    __lib_sel_fp_printf                      0x0800042d   Thumb Code     2  _printf_fp_dec.o(.text)
    _printf_fp_dec_real                      0x080005db   Thumb Code   620  _printf_fp_dec.o(.text)
    _printf_char_common                      0x08000853   Thumb Code    32  _printf_char_common.o(.text)
    _printf_cs_common                        0x08000879   Thumb Code    20  _printf_char.o(.text)
    _printf_char                             0x0800088d   Thumb Code    16  _printf_char.o(.text)
    _printf_string                           0x0800089d   Thumb Code     8  _printf_char.o(.text)
    _printf_char_file                        0x080008a5   Thumb Code    32  _printf_char_file.o(.text)
    __rt_locale                              0x080008c9   Thumb Code     8  rt_locale_intlibspace.o(.text)
    _ll_udiv10                               0x080008d1   Thumb Code   138  lludiv10.o(.text)
    _printf_fp_infnan                        0x0800095d   Thumb Code   112  _printf_fp_infnan.o(.text)
    _btod_etento                             0x080009dd   Thumb Code   216  bigflt0.o(.text)
    ferror                                   0x08000ab9   Thumb Code     8  ferror.o(.text)
    __user_libspace                          0x08000ac1   Thumb Code     8  libspace.o(.text)
    __user_perproc_libspace                  0x08000ac1   Thumb Code     0  libspace.o(.text)
    __user_perthread_libspace                0x08000ac1   Thumb Code     0  libspace.o(.text)
    __user_setup_stackheap                   0x08000ac9   Thumb Code    74  sys_stackheap_outer.o(.text)
    exit                                     0x08000b13   Thumb Code    12  exit.o(.text)
    strcmp                                   0x08000b21   Thumb Code   128  strcmpv7m.o(.text)
    _btod_d2e                                0x08000ba1   Thumb Code    62  btod.o(CL$$btod_d2e)
    _d2e_denorm_low                          0x08000bdf   Thumb Code    70  btod.o(CL$$btod_d2e_denorm_low)
    _d2e_norm_op1                            0x08000c25   Thumb Code    96  btod.o(CL$$btod_d2e_norm_op1)
    __btod_div_common                        0x08000c85   Thumb Code   696  btod.o(CL$$btod_div_common)
    _e2e                                     0x08000fbd   Thumb Code   198  btod.o(CL$$btod_e2e)
    _btod_ediv                               0x08001083   Thumb Code    40  btod.o(CL$$btod_ediv)
    _btod_emul                               0x080010ab   Thumb Code    40  btod.o(CL$$btod_emul)
    __btod_mult_common                       0x080010d3   Thumb Code   580  btod.o(CL$$btod_mult_common)
    ADC_Cmd                                  0x08001317   Thumb Code    22  stm32f10x_adc.o(i.ADC_Cmd)
    ADC_DeInit                               0x0800132d   Thumb Code    78  stm32f10x_adc.o(i.ADC_DeInit)
    ADC_GetCalibrationStatus                 0x08001389   Thumb Code    20  stm32f10x_adc.o(i.ADC_GetCalibrationStatus)
    ADC_GetConversionValue                   0x0800139d   Thumb Code     8  stm32f10x_adc.o(i.ADC_GetConversionValue)
    ADC_GetFlagStatus                        0x080013a5   Thumb Code    18  stm32f10x_adc.o(i.ADC_GetFlagStatus)
    ADC_GetResetCalibrationStatus            0x080013b7   Thumb Code    20  stm32f10x_adc.o(i.ADC_GetResetCalibrationStatus)
    ADC_Init                                 0x080013cd   Thumb Code    70  stm32f10x_adc.o(i.ADC_Init)
    ADC_RegularChannelConfig                 0x0800141d   Thumb Code   184  stm32f10x_adc.o(i.ADC_RegularChannelConfig)
    ADC_ResetCalibration                     0x080014d5   Thumb Code    10  stm32f10x_adc.o(i.ADC_ResetCalibration)
    ADC_SoftwareStartConvCmd                 0x080014df   Thumb Code    22  stm32f10x_adc.o(i.ADC_SoftwareStartConvCmd)
    ADC_StartCalibration                     0x080014f5   Thumb Code    10  stm32f10x_adc.o(i.ADC_StartCalibration)
    Adc3_Init                                0x08001501   Thumb Code   120  adc.o(i.Adc3_Init)
    BusFault_Handler                         0x0800157d   Thumb Code     4  stm32f10x_it.o(i.BusFault_Handler)
    DHT11_Check                              0x08001581   Thumb Code    92  dht11.o(i.DHT11_Check)
    DHT11_Init                               0x080015e5   Thumb Code    54  dht11.o(i.DHT11_Init)
    DHT11_Read_Bit                           0x08001621   Thumb Code    70  dht11.o(i.DHT11_Read_Bit)
    DHT11_Read_Byte                          0x0800166d   Thumb Code    30  dht11.o(i.DHT11_Read_Byte)
    DHT11_Read_Data                          0x0800168b   Thumb Code    88  dht11.o(i.DHT11_Read_Data)
    DHT11_Rst                                0x080016e5   Thumb Code    52  dht11.o(i.DHT11_Rst)
    DS18B20_Check                            0x08001725   Thumb Code    92  ds18b20.o(i.DS18B20_Check)
    DS18B20_Get_Temp                         0x08001789   Thumb Code   136  ds18b20.o(i.DS18B20_Get_Temp)
    DS18B20_Init                             0x08001815   Thumb Code    58  ds18b20.o(i.DS18B20_Init)
    DS18B20_Read_Bit                         0x08001855   Thumb Code    96  ds18b20.o(i.DS18B20_Read_Bit)
    DS18B20_Read_Byte                        0x080018c1   Thumb Code    34  ds18b20.o(i.DS18B20_Read_Byte)
    DS18B20_Rst                              0x080018e5   Thumb Code    54  ds18b20.o(i.DS18B20_Rst)
    DS18B20_Start                            0x08001929   Thumb Code    24  ds18b20.o(i.DS18B20_Start)
    DS18B20_Write_Byte                       0x08001941   Thumb Code   102  ds18b20.o(i.DS18B20_Write_Byte)
    DebugMon_Handler                         0x080019b5   Thumb Code     2  stm32f10x_it.o(i.DebugMon_Handler)
    FSMC_NORSRAMCmd                          0x080019b9   Thumb Code    46  stm32f10x_fsmc.o(i.FSMC_NORSRAMCmd)
    FSMC_NORSRAMInit                         0x080019ed   Thumb Code   230  stm32f10x_fsmc.o(i.FSMC_NORSRAMInit)
    GPIO_Init                                0x08001ad3   Thumb Code   278  stm32f10x_gpio.o(i.GPIO_Init)
    GPIO_SetBits                             0x08001be9   Thumb Code     4  stm32f10x_gpio.o(i.GPIO_SetBits)
    Get_Adc3                                 0x08001bed   Thumb Code    46  adc.o(i.Get_Adc3)
    HardFault_Handler                        0x08001c21   Thumb Code     4  stm32f10x_it.o(i.HardFault_Handler)
    LCD_Clear                                0x08001c25   Thumb Code   100  lcd.o(i.LCD_Clear)
    LCD_Display_Dir                          0x08001c91   Thumb Code   444  lcd.o(i.LCD_Display_Dir)
    LCD_Fast_DrawPoint                       0x08001e51   Thumb Code   370  lcd.o(i.LCD_Fast_DrawPoint)
    LCD_Fill                                 0x08001fcd   Thumb Code   178  lcd.o(i.LCD_Fill)
    LCD_Init                                 0x08002089   Thumb Code 14162  lcd.o(i.LCD_Init)
    LCD_Pow                                  0x080057e5   Thumb Code    22  lcd.o(i.LCD_Pow)
    LCD_RD_DATA                              0x080057fd   Thumb Code    14  lcd.o(i.LCD_RD_DATA)
    LCD_ReadReg                              0x08005811   Thumb Code    22  lcd.o(i.LCD_ReadReg)
    LCD_SSD_BackLightSet                     0x08005829   Thumb Code    80  lcd.o(i.LCD_SSD_BackLightSet)
    LCD_Scan_Dir                             0x0800587d   Thumb Code   744  lcd.o(i.LCD_Scan_Dir)
    LCD_SetCursor                            0x08005b69   Thumb Code   418  lcd.o(i.LCD_SetCursor)
    LCD_ShowChar                             0x08005d11   Thumb Code   272  lcd.o(i.LCD_ShowChar)
    LCD_ShowNum                              0x08005e39   Thumb Code   148  lcd.o(i.LCD_ShowNum)
    LCD_ShowString                           0x08005ecd   Thumb Code   102  lcd.o(i.LCD_ShowString)
    LCD_WR_DATA                              0x08005f35   Thumb Code     6  lcd.o(i.LCD_WR_DATA)
    LCD_WR_REG                               0x08005f41   Thumb Code     6  lcd.o(i.LCD_WR_REG)
    LCD_WriteRAM_Prepare                     0x08005f4d   Thumb Code    10  lcd.o(i.LCD_WriteRAM_Prepare)
    LCD_WriteReg                             0x08005f61   Thumb Code    10  lcd.o(i.LCD_WriteReg)
    LED_Init                                 0x08005f71   Thumb Code    68  led.o(i.LED_Init)
    Lsens_Get_Val                            0x08005fbd   Thumb Code    60  lsens.o(i.Lsens_Get_Val)
    Lsens_Init                               0x08005ff9   Thumb Code    38  lsens.o(i.Lsens_Init)
    MemManage_Handler                        0x08006025   Thumb Code     4  stm32f10x_it.o(i.MemManage_Handler)
    NMI_Handler                              0x08006029   Thumb Code     2  stm32f10x_it.o(i.NMI_Handler)
    NVIC_Init                                0x0800602d   Thumb Code   100  misc.o(i.NVIC_Init)
    NVIC_PriorityGroupConfig                 0x0800609d   Thumb Code    10  misc.o(i.NVIC_PriorityGroupConfig)
    PendSV_Handler                           0x080060b1   Thumb Code     2  stm32f10x_it.o(i.PendSV_Handler)
    RCC_AHBPeriphClockCmd                    0x080060b5   Thumb Code    26  stm32f10x_rcc.o(i.RCC_AHBPeriphClockCmd)
    RCC_APB2PeriphClockCmd                   0x080060d5   Thumb Code    26  stm32f10x_rcc.o(i.RCC_APB2PeriphClockCmd)
    RCC_APB2PeriphResetCmd                   0x080060f5   Thumb Code    26  stm32f10x_rcc.o(i.RCC_APB2PeriphResetCmd)
    RCC_GetClocksFreq                        0x08006115   Thumb Code   192  stm32f10x_rcc.o(i.RCC_GetClocksFreq)
    SVC_Handler                              0x080061e9   Thumb Code     2  stm32f10x_it.o(i.SVC_Handler)
    SysTick_CLKSourceConfig                  0x080062d5   Thumb Code    40  misc.o(i.SysTick_CLKSourceConfig)
    SysTick_Handler                          0x080062fd   Thumb Code     2  stm32f10x_it.o(i.SysTick_Handler)
    SystemInit                               0x08006301   Thumb Code    78  system_stm32f10x.o(i.SystemInit)
    TIM7_IRQHandler                          0x08006361   Thumb Code    42  timer.o(i.TIM7_IRQHandler)
    TIM_ClearITPendingBit                    0x08006395   Thumb Code     6  stm32f10x_tim.o(i.TIM_ClearITPendingBit)
    TIM_Cmd                                  0x0800639b   Thumb Code    24  stm32f10x_tim.o(i.TIM_Cmd)
    TIM_GetITStatus                          0x080063b3   Thumb Code    34  stm32f10x_tim.o(i.TIM_GetITStatus)
    TIM_SetCounter                           0x080063d5   Thumb Code     4  stm32f10x_tim.o(i.TIM_SetCounter)
    USART1_IRQHandler                        0x080063d9   Thumb Code   122  usart.o(i.USART1_IRQHandler)
    USART3_IRQHandler                        0x08006461   Thumb Code    96  usart3.o(i.USART3_IRQHandler)
    USART_Cmd                                0x080064d1   Thumb Code    24  stm32f10x_usart.o(i.USART_Cmd)
    USART_GetITStatus                        0x080064e9   Thumb Code    84  stm32f10x_usart.o(i.USART_GetITStatus)
    USART_ITConfig                           0x0800653d   Thumb Code    74  stm32f10x_usart.o(i.USART_ITConfig)
    USART_Init                               0x08006589   Thumb Code   210  stm32f10x_usart.o(i.USART_Init)
    USART_ReceiveData                        0x08006661   Thumb Code    10  stm32f10x_usart.o(i.USART_ReceiveData)
    UsageFault_Handler                       0x0800666b   Thumb Code     4  stm32f10x_it.o(i.UsageFault_Handler)
    __ARM_fpclassify                         0x0800666f   Thumb Code    40  fpclassify.o(i.__ARM_fpclassify)
    _is_digit                                0x08006697   Thumb Code    14  __printf_wp.o(i._is_digit)
    _sys_exit                                0x080066a5   Thumb Code     6  usart.o(i._sys_exit)
    delay_init                               0x080066ad   Thumb Code    50  delay.o(i.delay_init)
    delay_ms                                 0x080066f1   Thumb Code    72  delay.o(i.delay_ms)
    delay_us                                 0x0800673d   Thumb Code    72  delay.o(i.delay_us)
    fputc                                    0x08006789   Thumb Code    24  usart.o(i.fputc)
    main                                     0x080067a5   Thumb Code   602  main.o(i.main)
    numToString                              0x08006ad5   Thumb Code    98  esp8266.o(i.numToString)
    uart_init                                0x08006b3d   Thumb Code   152  usart.o(i.uart_init)
    _get_lc_numeric                          0x08006bdd   Thumb Code    44  lc_numeric_c.o(locale$$code)
    __aeabi_d2iz                             0x08006c09   Thumb Code     0  dfix.o(x$fpl$dfix)
    _dfix                                    0x08006c09   Thumb Code    94  dfix.o(x$fpl$dfix)
    __aeabi_d2uiz                            0x08006c69   Thumb Code     0  dfixu.o(x$fpl$dfixu)
    _dfixu                                   0x08006c69   Thumb Code    90  dfixu.o(x$fpl$dfixu)
    __aeabi_ui2d                             0x08006cc3   Thumb Code     0  dflt_clz.o(x$fpl$dfltu)
    _dfltu                                   0x08006cc3   Thumb Code    38  dflt_clz.o(x$fpl$dfltu)
    __aeabi_dmul                             0x08006ce9   Thumb Code     0  dmul.o(x$fpl$dmul)
    _dmul                                    0x08006ce9   Thumb Code   332  dmul.o(x$fpl$dmul)
    __fpl_dnaninf                            0x08006e3d   Thumb Code   156  dnaninf.o(x$fpl$dnaninf)
    __fpl_dretinf                            0x08006ed9   Thumb Code    12  dretinf.o(x$fpl$dretinf)
    __aeabi_f2d                              0x08006ee5   Thumb Code     0  f2d.o(x$fpl$f2d)
    _f2d                                     0x08006ee5   Thumb Code    86  f2d.o(x$fpl$f2d)
    __aeabi_f2uiz                            0x08006f3d   Thumb Code     0  ffixu.o(x$fpl$ffixu)
    _ffixu                                   0x08006f3d   Thumb Code    62  ffixu.o(x$fpl$ffixu)
    __aeabi_i2f                              0x08006f7d   Thumb Code     0  fflt_clz.o(x$fpl$fflt)
    _fflt                                    0x08006f7d   Thumb Code    48  fflt_clz.o(x$fpl$fflt)
    __fpl_fnaninf                            0x08006fad   Thumb Code   140  fnaninf.o(x$fpl$fnaninf)
    _printf_fp_dec                           0x08007039   Thumb Code     4  printf1.o(x$fpl$printf1)
    __I$use$fp                               0x0800703c   Number         0  usenofp.o(x$fpl$usenofp)
    asc2_1206                                0x0800703c   Data        1140  lcd.o(.constdata)
    asc2_1608                                0x080074b0   Data        1520  lcd.o(.constdata)
    asc2_2412                                0x08007aa0   Data        3420  lcd.o(.constdata)
    Region$$Table$$Base                      0x08008918   Number         0  anon$$obj.o(Region$$Table)
    Region$$Table$$Limit                     0x08008938   Number         0  anon$$obj.o(Region$$Table)
    SystemCoreClock                          0x20000000   Data           4  system_stm32f10x.o(.data)
    AHBPrescTable                            0x20000004   Data          16  system_stm32f10x.o(.data)
    __stdout                                 0x20000018   Data           4  usart.o(.data)
    USART_RX_STA                             0x2000001c   Data           2  usart.o(.data)
    t                                        0x20000032   Data           1  usart3.o(.data)
    USART3_RX_STA                            0x20000034   Data           2  usart3.o(.data)
    str                                      0x20000038   Data          16  esp8266.o(.data)
    strValue                                 0x20000048   Data           8  esp8266.o(.data)
    POINT_COLOR                              0x20000050   Data           2  lcd.o(.data)
    BACK_COLOR                               0x20000052   Data           2  lcd.o(.data)
    USART_RX_BUF                             0x20000054   Data         200  usart.o(.bss)
    USART3_RX_BUF                            0x2000011c   Data        1024  usart3.o(.bss)
    USART3_TX_BUF                            0x2000051c   Data        1024  usart3.o(.bss)
    lcddev                                   0x2000091c   Data          14  lcd.o(.bss)
    __libspace_start                         0x2000092c   Data          96  libspace.o(.bss)
    __temporary_stack_top$libspace           0x2000098c   Data           0  libspace.o(.bss)



==============================================================================

Memory Map of the image

  Image Entry point : 0x080001ed

  Load Region LR_1 (Base: 0x08000000, Size: 0x000089a8, Max: 0xffffffff, ABSOLUTE)

    Execution Region ER_RO (Base: 0x08000000, Size: 0x00008954, Max: 0xffffffff, ABSOLUTE)

    Base Addr    Size         Type   Attr      Idx    E Section Name        Object

    0x08000000   0x00000130   Data   RO          391    RESET               startup_stm32f10x_hd.o
    0x08000130   0x00000008   Code   RO         3981  * !!!main             c_w.l(__main.o)
    0x08000138   0x00000034   Code   RO         4310    !!!scatter          c_w.l(__scatter.o)
    0x0800016c   0x0000001a   Code   RO         4312    !!handler_copy      c_w.l(__scatter_copy.o)
    0x08000186   0x00000002   PAD
    0x08000188   0x0000001c   Code   RO         4314    !!handler_zi        c_w.l(__scatter_zi.o)
    0x080001a4   0x00000000   Code   RO         3966    .ARM.Collect$$_printf_percent$$00000000  c_w.l(_printf_percent.o)
    0x080001a4   0x00000006   Code   RO         3965    .ARM.Collect$$_printf_percent$$00000003  c_w.l(_printf_f.o)
    0x080001aa   0x00000006   Code   RO         3963    .ARM.Collect$$_printf_percent$$00000014  c_w.l(_printf_s.o)
    0x080001b0   0x00000004   Code   RO         4086    .ARM.Collect$$_printf_percent$$00000017  c_w.l(_printf_percent_end.o)
    0x080001b4   0x00000002   Code   RO         4185    .ARM.Collect$$libinit$$00000000  c_w.l(libinit.o)
    0x080001b6   0x00000000   Code   RO         4187    .ARM.Collect$$libinit$$00000002  c_w.l(libinit2.o)
    0x080001b6   0x00000000   Code   RO         4189    .ARM.Collect$$libinit$$00000004  c_w.l(libinit2.o)
    0x080001b6   0x00000000   Code   RO         4192    .ARM.Collect$$libinit$$0000000A  c_w.l(libinit2.o)
    0x080001b6   0x00000000   Code   RO         4194    .ARM.Collect$$libinit$$0000000C  c_w.l(libinit2.o)
    0x080001b6   0x00000000   Code   RO         4196    .ARM.Collect$$libinit$$0000000E  c_w.l(libinit2.o)
    0x080001b6   0x00000006   Code   RO         4197    .ARM.Collect$$libinit$$0000000F  c_w.l(libinit2.o)
    0x080001bc   0x00000000   Code   RO         4199    .ARM.Collect$$libinit$$00000011  c_w.l(libinit2.o)
    0x080001bc   0x00000000   Code   RO         4201    .ARM.Collect$$libinit$$00000013  c_w.l(libinit2.o)
    0x080001bc   0x00000000   Code   RO         4203    .ARM.Collect$$libinit$$00000015  c_w.l(libinit2.o)
    0x080001bc   0x0000000a   Code   RO         4204    .ARM.Collect$$libinit$$00000016  c_w.l(libinit2.o)
    0x080001c6   0x00000000   Code   RO         4205    .ARM.Collect$$libinit$$00000017  c_w.l(libinit2.o)
    0x080001c6   0x00000000   Code   RO         4207    .ARM.Collect$$libinit$$00000019  c_w.l(libinit2.o)
    0x080001c6   0x00000000   Code   RO         4209    .ARM.Collect$$libinit$$0000001B  c_w.l(libinit2.o)
    0x080001c6   0x00000000   Code   RO         4211    .ARM.Collect$$libinit$$0000001D  c_w.l(libinit2.o)
    0x080001c6   0x00000000   Code   RO         4213    .ARM.Collect$$libinit$$0000001F  c_w.l(libinit2.o)
    0x080001c6   0x00000000   Code   RO         4215    .ARM.Collect$$libinit$$00000021  c_w.l(libinit2.o)
    0x080001c6   0x00000000   Code   RO         4217    .ARM.Collect$$libinit$$00000023  c_w.l(libinit2.o)
    0x080001c6   0x00000000   Code   RO         4219    .ARM.Collect$$libinit$$00000025  c_w.l(libinit2.o)
    0x080001c6   0x00000000   Code   RO         4223    .ARM.Collect$$libinit$$0000002C  c_w.l(libinit2.o)
    0x080001c6   0x00000000   Code   RO         4225    .ARM.Collect$$libinit$$0000002E  c_w.l(libinit2.o)
    0x080001c6   0x00000000   Code   RO         4227    .ARM.Collect$$libinit$$00000030  c_w.l(libinit2.o)
    0x080001c6   0x00000000   Code   RO         4229    .ARM.Collect$$libinit$$00000032  c_w.l(libinit2.o)
    0x080001c6   0x00000002   Code   RO         4230    .ARM.Collect$$libinit$$00000033  c_w.l(libinit2.o)
    0x080001c8   0x00000002   Code   RO         4261    .ARM.Collect$$libshutdown$$00000000  c_w.l(libshutdown.o)
    0x080001ca   0x00000000   Code   RO         4271    .ARM.Collect$$libshutdown$$00000003  c_w.l(libshutdown2.o)
    0x080001ca   0x00000000   Code   RO         4274    .ARM.Collect$$libshutdown$$00000006  c_w.l(libshutdown2.o)
    0x080001ca   0x00000000   Code   RO         4277    .ARM.Collect$$libshutdown$$00000009  c_w.l(libshutdown2.o)
    0x080001ca   0x00000000   Code   RO         4279    .ARM.Collect$$libshutdown$$0000000B  c_w.l(libshutdown2.o)
    0x080001ca   0x00000000   Code   RO         4282    .ARM.Collect$$libshutdown$$0000000E  c_w.l(libshutdown2.o)
    0x080001ca   0x00000002   Code   RO         4283    .ARM.Collect$$libshutdown$$0000000F  c_w.l(libshutdown2.o)
    0x080001cc   0x00000000   Code   RO         4025    .ARM.Collect$$rtentry$$00000000  c_w.l(__rtentry.o)
    0x080001cc   0x00000000   Code   RO         4104    .ARM.Collect$$rtentry$$00000002  c_w.l(__rtentry2.o)
    0x080001cc   0x00000006   Code   RO         4116    .ARM.Collect$$rtentry$$00000004  c_w.l(__rtentry4.o)
    0x080001d2   0x00000000   Code   RO         4106    .ARM.Collect$$rtentry$$00000009  c_w.l(__rtentry2.o)
    0x080001d2   0x00000004   Code   RO         4107    .ARM.Collect$$rtentry$$0000000A  c_w.l(__rtentry2.o)
    0x080001d6   0x00000000   Code   RO         4109    .ARM.Collect$$rtentry$$0000000C  c_w.l(__rtentry2.o)
    0x080001d6   0x00000008   Code   RO         4110    .ARM.Collect$$rtentry$$0000000D  c_w.l(__rtentry2.o)
    0x080001de   0x00000002   Code   RO         4231    .ARM.Collect$$rtexit$$00000000  c_w.l(rtexit.o)
    0x080001e0   0x00000000   Code   RO         4241    .ARM.Collect$$rtexit$$00000002  c_w.l(rtexit2.o)
    0x080001e0   0x00000004   Code   RO         4242    .ARM.Collect$$rtexit$$00000003  c_w.l(rtexit2.o)
    0x080001e4   0x00000006   Code   RO         4243    .ARM.Collect$$rtexit$$00000004  c_w.l(rtexit2.o)
    0x080001ea   0x00000002   PAD
    0x080001ec   0x00000040   Code   RO          392  * .text               startup_stm32f10x_hd.o
    0x0800022c   0x00000002   Code   RO         3925    .text               c_w.l(use_no_semi_2.o)
    0x0800022e   0x00000002   PAD
    0x08000230   0x00000018   Code   RO         3929    .text               c_w.l(__2printf.o)
    0x08000248   0x00000052   Code   RO         3939    .text               c_w.l(_printf_str.o)
    0x0800029a   0x00000002   PAD
    0x0800029c   0x00000188   Code   RO         3960    .text               c_w.l(__printf_flags_ss_wp.o)
    0x08000424   0x00000006   Code   RO         3979    .text               c_w.l(heapauxi.o)
    0x0800042a   0x00000002   Code   RO         4023    .text               c_w.l(use_no_semi.o)
    0x0800042c   0x0000041a   Code   RO         4034    .text               c_w.l(_printf_fp_dec.o)
    0x08000846   0x00000002   PAD
    0x08000848   0x00000030   Code   RO         4036    .text               c_w.l(_printf_char_common.o)
    0x08000878   0x0000002c   Code   RO         4040    .text               c_w.l(_printf_char.o)
    0x080008a4   0x00000024   Code   RO         4042    .text               c_w.l(_printf_char_file.o)
    0x080008c8   0x00000008   Code   RO         4121    .text               c_w.l(rt_locale_intlibspace.o)
    0x080008d0   0x0000008a   Code   RO         4123    .text               c_w.l(lludiv10.o)
    0x0800095a   0x00000002   PAD
    0x0800095c   0x00000080   Code   RO         4125    .text               c_w.l(_printf_fp_infnan.o)
    0x080009dc   0x000000dc   Code   RO         4131    .text               c_w.l(bigflt0.o)
    0x08000ab8   0x00000008   Code   RO         4156    .text               c_w.l(ferror.o)
    0x08000ac0   0x00000008   Code   RO         4169    .text               c_w.l(libspace.o)
    0x08000ac8   0x0000004a   Code   RO         4172    .text               c_w.l(sys_stackheap_outer.o)
    0x08000b12   0x0000000c   Code   RO         4176    .text               c_w.l(exit.o)
    0x08000b1e   0x00000002   PAD
    0x08000b20   0x00000080   Code   RO         4178    .text               c_w.l(strcmpv7m.o)
    0x08000ba0   0x0000003e   Code   RO         4134    CL$$btod_d2e        c_w.l(btod.o)
    0x08000bde   0x00000046   Code   RO         4136    CL$$btod_d2e_denorm_low  c_w.l(btod.o)
    0x08000c24   0x00000060   Code   RO         4135    CL$$btod_d2e_norm_op1  c_w.l(btod.o)
    0x08000c84   0x00000338   Code   RO         4144    CL$$btod_div_common  c_w.l(btod.o)
    0x08000fbc   0x000000c6   Code   RO         4141    CL$$btod_e2e        c_w.l(btod.o)
    0x08001082   0x00000028   Code   RO         4138    CL$$btod_ediv       c_w.l(btod.o)
    0x080010aa   0x00000028   Code   RO         4137    CL$$btod_emul       c_w.l(btod.o)
    0x080010d2   0x00000244   Code   RO         4143    CL$$btod_mult_common  c_w.l(btod.o)
    0x08001316   0x00000016   Code   RO          438    i.ADC_Cmd           stm32f10x_adc.o
    0x0800132c   0x0000005c   Code   RO          440    i.ADC_DeInit        stm32f10x_adc.o
    0x08001388   0x00000014   Code   RO          446    i.ADC_GetCalibrationStatus  stm32f10x_adc.o
    0x0800139c   0x00000008   Code   RO          447    i.ADC_GetConversionValue  stm32f10x_adc.o
    0x080013a4   0x00000012   Code   RO          449    i.ADC_GetFlagStatus  stm32f10x_adc.o
    0x080013b6   0x00000014   Code   RO          452    i.ADC_GetResetCalibrationStatus  stm32f10x_adc.o
    0x080013ca   0x00000002   PAD
    0x080013cc   0x00000050   Code   RO          456    i.ADC_Init          stm32f10x_adc.o
    0x0800141c   0x000000b8   Code   RO          460    i.ADC_RegularChannelConfig  stm32f10x_adc.o
    0x080014d4   0x0000000a   Code   RO          461    i.ADC_ResetCalibration  stm32f10x_adc.o
    0x080014de   0x00000016   Code   RO          463    i.ADC_SoftwareStartConvCmd  stm32f10x_adc.o
    0x080014f4   0x0000000a   Code   RO          465    i.ADC_StartCalibration  stm32f10x_adc.o
    0x080014fe   0x00000002   PAD
    0x08001500   0x0000007c   Code   RO         3795    i.Adc3_Init         adc.o
    0x0800157c   0x00000004   Code   RO          160    i.BusFault_Handler  stm32f10x_it.o
    0x08001580   0x00000064   Code   RO         3528    i.DHT11_Check       dht11.o
    0x080015e4   0x0000003c   Code   RO         3529    i.DHT11_Init        dht11.o
    0x08001620   0x0000004c   Code   RO         3530    i.DHT11_Read_Bit    dht11.o
    0x0800166c   0x0000001e   Code   RO         3531    i.DHT11_Read_Byte   dht11.o
    0x0800168a   0x00000058   Code   RO         3532    i.DHT11_Read_Data   dht11.o
    0x080016e2   0x00000002   PAD
    0x080016e4   0x00000040   Code   RO         3533    i.DHT11_Rst         dht11.o
    0x08001724   0x00000064   Code   RO         3847    i.DS18B20_Check     ds18b20.o
    0x08001788   0x0000008c   Code   RO         3848    i.DS18B20_Get_Temp  ds18b20.o
    0x08001814   0x00000040   Code   RO         3849    i.DS18B20_Init      ds18b20.o
    0x08001854   0x0000006c   Code   RO         3850    i.DS18B20_Read_Bit  ds18b20.o
    0x080018c0   0x00000022   Code   RO         3851    i.DS18B20_Read_Byte  ds18b20.o
    0x080018e2   0x00000002   PAD
    0x080018e4   0x00000044   Code   RO         3852    i.DS18B20_Rst       ds18b20.o
    0x08001928   0x00000018   Code   RO         3853    i.DS18B20_Start     ds18b20.o
    0x08001940   0x00000074   Code   RO         3854    i.DS18B20_Write_Byte  ds18b20.o
    0x080019b4   0x00000002   Code   RO          161    i.DebugMon_Handler  stm32f10x_it.o
    0x080019b6   0x00000002   PAD
    0x080019b8   0x00000034   Code   RO         1432    i.FSMC_NORSRAMCmd   stm32f10x_fsmc.o
    0x080019ec   0x000000e6   Code   RO         1434    i.FSMC_NORSRAMInit  stm32f10x_fsmc.o
    0x08001ad2   0x00000116   Code   RO         1547    i.GPIO_Init         stm32f10x_gpio.o
    0x08001be8   0x00000004   Code   RO         1555    i.GPIO_SetBits      stm32f10x_gpio.o
    0x08001bec   0x00000034   Code   RO         3796    i.Get_Adc3          adc.o
    0x08001c20   0x00000004   Code   RO          162    i.HardFault_Handler  stm32f10x_it.o
    0x08001c24   0x0000006c   Code   RO         3571    i.LCD_Clear         lcd.o
    0x08001c90   0x000001c0   Code   RO         3575    i.LCD_Display_Dir   lcd.o
    0x08001e50   0x0000017c   Code   RO         3580    i.LCD_Fast_DrawPoint  lcd.o
    0x08001fcc   0x000000bc   Code   RO         3581    i.LCD_Fill          lcd.o
    0x08002088   0x0000375c   Code   RO         3582    i.LCD_Init          lcd.o
    0x080057e4   0x00000016   Code   RO         3583    i.LCD_Pow           lcd.o
    0x080057fa   0x00000002   PAD
    0x080057fc   0x00000014   Code   RO         3584    i.LCD_RD_DATA       lcd.o
    0x08005810   0x00000016   Code   RO         3586    i.LCD_ReadReg       lcd.o
    0x08005826   0x00000002   PAD
    0x08005828   0x00000054   Code   RO         3587    i.LCD_SSD_BackLightSet  lcd.o
    0x0800587c   0x000002ec   Code   RO         3588    i.LCD_Scan_Dir      lcd.o
    0x08005b68   0x000001a8   Code   RO         3589    i.LCD_SetCursor     lcd.o
    0x08005d10   0x00000128   Code   RO         3591    i.LCD_ShowChar      lcd.o
    0x08005e38   0x00000094   Code   RO         3592    i.LCD_ShowNum       lcd.o
    0x08005ecc   0x00000066   Code   RO         3593    i.LCD_ShowString    lcd.o
    0x08005f32   0x00000002   PAD
    0x08005f34   0x0000000c   Code   RO         3595    i.LCD_WR_DATA       lcd.o
    0x08005f40   0x0000000c   Code   RO         3596    i.LCD_WR_REG        lcd.o
    0x08005f4c   0x00000014   Code   RO         3598    i.LCD_WriteRAM_Prepare  lcd.o
    0x08005f60   0x00000010   Code   RO         3599    i.LCD_WriteReg      lcd.o
    0x08005f70   0x0000004c   Code   RO         3363    i.LED_Init          led.o
    0x08005fbc   0x0000003c   Code   RO         3777    i.Lsens_Get_Val     lsens.o
    0x08005ff8   0x0000002c   Code   RO         3778    i.Lsens_Init        lsens.o
    0x08006024   0x00000004   Code   RO          163    i.MemManage_Handler  stm32f10x_it.o
    0x08006028   0x00000002   Code   RO          164    i.NMI_Handler       stm32f10x_it.o
    0x0800602a   0x00000002   PAD
    0x0800602c   0x00000070   Code   RO          396    i.NVIC_Init         misc.o
    0x0800609c   0x00000014   Code   RO          397    i.NVIC_PriorityGroupConfig  misc.o
    0x080060b0   0x00000002   Code   RO          165    i.PendSV_Handler    stm32f10x_it.o
    0x080060b2   0x00000002   PAD
    0x080060b4   0x00000020   Code   RO         1962    i.RCC_AHBPeriphClockCmd  stm32f10x_rcc.o
    0x080060d4   0x00000020   Code   RO         1965    i.RCC_APB2PeriphClockCmd  stm32f10x_rcc.o
    0x080060f4   0x00000020   Code   RO         1966    i.RCC_APB2PeriphResetCmd  stm32f10x_rcc.o
    0x08006114   0x000000d4   Code   RO         1973    i.RCC_GetClocksFreq  stm32f10x_rcc.o
    0x080061e8   0x00000002   Code   RO          166    i.SVC_Handler       stm32f10x_it.o
    0x080061ea   0x00000008   Code   RO          249    i.SetSysClock       system_stm32f10x.o
    0x080061f2   0x00000002   PAD
    0x080061f4   0x000000e0   Code   RO          250    i.SetSysClockTo72   system_stm32f10x.o
    0x080062d4   0x00000028   Code   RO          400    i.SysTick_CLKSourceConfig  misc.o
    0x080062fc   0x00000002   Code   RO          167    i.SysTick_Handler   stm32f10x_it.o
    0x080062fe   0x00000002   PAD
    0x08006300   0x00000060   Code   RO          252    i.SystemInit        system_stm32f10x.o
    0x08006360   0x00000034   Code   RO         3427    i.TIM7_IRQHandler   timer.o
    0x08006394   0x00000006   Code   RO         2592    i.TIM_ClearITPendingBit  stm32f10x_tim.o
    0x0800639a   0x00000018   Code   RO         2597    i.TIM_Cmd           stm32f10x_tim.o
    0x080063b2   0x00000022   Code   RO         2618    i.TIM_GetITStatus   stm32f10x_tim.o
    0x080063d4   0x00000004   Code   RO         2662    i.TIM_SetCounter    stm32f10x_tim.o
    0x080063d8   0x00000088   Code   RO          338    i.USART1_IRQHandler  usart.o
    0x08006460   0x00000070   Code   RO         3381    i.USART3_IRQHandler  usart3.o
    0x080064d0   0x00000018   Code   RO         3133    i.USART_Cmd         stm32f10x_usart.o
    0x080064e8   0x00000054   Code   RO         3137    i.USART_GetITStatus  stm32f10x_usart.o
    0x0800653c   0x0000004a   Code   RO         3139    i.USART_ITConfig    stm32f10x_usart.o
    0x08006586   0x00000002   PAD
    0x08006588   0x000000d8   Code   RO         3140    i.USART_Init        stm32f10x_usart.o
    0x08006660   0x0000000a   Code   RO         3147    i.USART_ReceiveData  stm32f10x_usart.o
    0x0800666a   0x00000004   Code   RO          168    i.UsageFault_Handler  stm32f10x_it.o
    0x0800666e   0x00000028   Code   RO         4167    i.__ARM_fpclassify  m_ws.l(fpclassify.o)
    0x08006696   0x0000000e   Code   RO         3953    i._is_digit         c_w.l(__printf_wp.o)
    0x080066a4   0x00000006   Code   RO          339    i._sys_exit         usart.o
    0x080066aa   0x00000002   PAD
    0x080066ac   0x00000044   Code   RO          283    i.delay_init        delay.o
    0x080066f0   0x0000004c   Code   RO          284    i.delay_ms          delay.o
    0x0800673c   0x0000004c   Code   RO          285    i.delay_us          delay.o
    0x08006788   0x0000001c   Code   RO          340    i.fputc             usart.o
    0x080067a4   0x00000330   Code   RO            1    i.main              main.o
    0x08006ad4   0x00000068   Code   RO         3463    i.numToString       esp8266.o
    0x08006b3c   0x000000a0   Code   RO          341    i.uart_init         usart.o
    0x08006bdc   0x0000002c   Code   RO         4163    locale$$code        c_w.l(lc_numeric_c.o)
    0x08006c08   0x0000005e   Code   RO         3993    x$fpl$dfix          fz_ws.l(dfix.o)
    0x08006c66   0x00000002   PAD
    0x08006c68   0x0000005a   Code   RO         3997    x$fpl$dfixu         fz_ws.l(dfixu.o)
    0x08006cc2   0x00000026   Code   RO         4001    x$fpl$dfltu         fz_ws.l(dflt_clz.o)
    0x08006ce8   0x00000154   Code   RO         4007    x$fpl$dmul          fz_ws.l(dmul.o)
    0x08006e3c   0x0000009c   Code   RO         4096    x$fpl$dnaninf       fz_ws.l(dnaninf.o)
    0x08006ed8   0x0000000c   Code   RO         4098    x$fpl$dretinf       fz_ws.l(dretinf.o)
    0x08006ee4   0x00000056   Code   RO         4009    x$fpl$f2d           fz_ws.l(f2d.o)
    0x08006f3a   0x00000002   PAD
    0x08006f3c   0x0000003e   Code   RO         4011    x$fpl$ffixu         fz_ws.l(ffixu.o)
    0x08006f7a   0x00000002   PAD
    0x08006f7c   0x00000030   Code   RO         4016    x$fpl$fflt          fz_ws.l(fflt_clz.o)
    0x08006fac   0x0000008c   Code   RO         4100    x$fpl$fnaninf       fz_ws.l(fnaninf.o)
    0x08007038   0x00000004   Code   RO         4021    x$fpl$printf1       fz_ws.l(printf1.o)
    0x0800703c   0x00000000   Code   RO         4102    x$fpl$usenofp       fz_ws.l(usenofp.o)
    0x0800703c   0x000017c0   Data   RO         3602    .constdata          lcd.o
    0x080087fc   0x00000011   Data   RO         3961    .constdata          c_w.l(__printf_flags_ss_wp.o)
    0x0800880d   0x00000003   PAD
    0x08008810   0x00000094   Data   RO         4132    .constdata          c_w.l(bigflt0.o)
    0x080088a4   0x00000071   Data   RO         3465    .conststring        esp8266.o
    0x08008915   0x00000003   PAD
    0x08008918   0x00000020   Data   RO         4308    Region$$Table       anon$$obj.o
    0x08008938   0x0000001c   Data   RO         4162    locale$$data        c_w.l(lc_numeric_c.o)


    Execution Region ER_RW (Base: 0x20000000, Size: 0x00000054, Max: 0xffffffff, ABSOLUTE)

    Base Addr    Size         Type   Attr      Idx    E Section Name        Object

    0x20000000   0x00000014   Data   RW          253    .data               system_stm32f10x.o
    0x20000014   0x00000004   Data   RW          286    .data               delay.o
    0x20000018   0x00000006   Data   RW          343    .data               usart.o
    0x2000001e   0x00000014   Data   RW         1993    .data               stm32f10x_rcc.o
    0x20000032   0x00000004   Data   RW         3386    .data               usart3.o
    0x20000036   0x00000002   PAD
    0x20000038   0x00000018   Data   RW         3466    .data               esp8266.o
    0x20000050   0x00000004   Data   RW         3603    .data               lcd.o


    Execution Region ER_ZI (Base: 0x20000054, Size: 0x00000f3c, Max: 0xffffffff, ABSOLUTE)

    Base Addr    Size         Type   Attr      Idx    E Section Name        Object

    0x20000054   0x000000c8   Zero   RW          342    .bss                usart.o
    0x2000011c   0x00000800   Zero   RW         3385    .bss                usart3.o
    0x2000091c   0x0000000e   Zero   RW         3601    .bss                lcd.o
    0x2000092a   0x00000002   PAD
    0x2000092c   0x00000060   Zero   RW         4170    .bss                c_w.l(libspace.o)
    0x2000098c   0x00000004   PAD
    0x20000990   0x00000200   Zero   RW          390    HEAP                startup_stm32f10x_hd.o
    0x20000b90   0x00000400   Zero   RW          389    STACK               startup_stm32f10x_hd.o


==============================================================================

Image component sizes


      Code (inc. data)   RO Data    RW Data    ZI Data      Debug   Object Name

       176         10          0          0          0       1123   adc.o
       220         26          0          4          0       1775   delay.o
       418         32          0          0          0       3944   dht11.o
       654         58          0          0          0       4808   ds18b20.o
       104          6        113         24          0       1405   esp8266.o
     17222        180       6080          4         14      22746   lcd.o
        76          8          0          0          0        515   led.o
       104          6          0          0          0       1101   lsens.o
       816        214          0          0          0     270819   main.o
       172         22          0          0          0       2129   misc.o
        64         26        304          0       1536        812   startup_stm32f10x_hd.o
       486         24          0          0          0       8734   stm32f10x_adc.o
       282          6          0          0          0       1869   stm32f10x_fsmc.o
       282          0          0          0          0       2543   stm32f10x_gpio.o
        26          0          0          0          0       3874   stm32f10x_it.o
       308         38          0         20          0       5118   stm32f10x_rcc.o
        68          0          0          0          0       2901   stm32f10x_tim.o
       408          6          0          0          0       5066   stm32f10x_usart.o
         0          0          0          0          0         32   sys.o
       328         28          0         20          0       2177   system_stm32f10x.o
        52         10          0          0          0        498   timer.o
       330         26          0          6        200       4244   usart.o
       112         16          0          4       2048       1322   usart3.o

    ----------------------------------------------------------------------
     22736        742       6532         84       3800     349555   Object Totals
         0          0         32          0          0          0   (incl. Generated)
        28          0          3          2          2          0   (incl. Padding)

    ----------------------------------------------------------------------

      Code (inc. data)   RO Data    RW Data    ZI Data      Debug   Library Member Name

        24          4          0          0          0         84   __2printf.o
         8          0          0          0          0         68   __main.o
       392          4         17          0          0         92   __printf_flags_ss_wp.o
        14          0          0          0          0         68   __printf_wp.o
         0          0          0          0          0          0   __rtentry.o
        12          0          0          0          0          0   __rtentry2.o
         6          0          0          0          0          0   __rtentry4.o
        52          8          0          0          0          0   __scatter.o
        26          0          0          0          0          0   __scatter_copy.o
        28          0          0          0          0          0   __scatter_zi.o
        44          0          0          0          0        108   _printf_char.o
        48          6          0          0          0         96   _printf_char_common.o
        36          4          0          0          0         80   _printf_char_file.o
         6          0          0          0          0          0   _printf_f.o
      1050          0          0          0          0        216   _printf_fp_dec.o
       128         16          0          0          0         84   _printf_fp_infnan.o
         0          0          0          0          0          0   _printf_percent.o
         4          0          0          0          0          0   _printf_percent_end.o
         6          0          0          0          0          0   _printf_s.o
        82          0          0          0          0         80   _printf_str.o
       220          4        148          0          0         96   bigflt0.o
      1910        128          0          0          0        672   btod.o
        12          0          0          0          0         72   exit.o
         8          0          0          0          0         68   ferror.o
         6          0          0          0          0        152   heapauxi.o
        44         10         28          0          0         76   lc_numeric_c.o
         2          0          0          0          0          0   libinit.o
        18          0          0          0          0          0   libinit2.o
         2          0          0          0          0          0   libshutdown.o
         2          0          0          0          0          0   libshutdown2.o
         8          4          0          0         96         68   libspace.o
       138          0          0          0          0         80   lludiv10.o
         8          4          0          0          0         68   rt_locale_intlibspace.o
         2          0          0          0          0          0   rtexit.o
        10          0          0          0          0          0   rtexit2.o
       128          0          0          0          0         68   strcmpv7m.o
        74          0          0          0          0         80   sys_stackheap_outer.o
         2          0          0          0          0         68   use_no_semi.o
         2          0          0          0          0         68   use_no_semi_2.o
        94          4          0          0          0         92   dfix.o
        90          4          0          0          0         92   dfixu.o
        38          0          0          0          0         68   dflt_clz.o
       340         12          0          0          0        104   dmul.o
       156          4          0          0          0         92   dnaninf.o
        12          0          0          0          0         68   dretinf.o
        86          4          0          0          0         84   f2d.o
        62          4          0          0          0         84   ffixu.o
        48          0          0          0          0         68   fflt_clz.o
       140          4          0          0          0         84   fnaninf.o
         4          0          0          0          0         68   printf1.o
         0          0          0          0          0          0   usenofp.o
        40          0          0          0          0         68   fpclassify.o

    ----------------------------------------------------------------------
      5692        228        196          0        100       3584   Library Totals
        20          0          3          0          4          0   (incl. Padding)

    ----------------------------------------------------------------------

      Code (inc. data)   RO Data    RW Data    ZI Data      Debug   Library Name

      4562        192        193          0         96       2612   c_w.l
      1070         36          0          0          0        904   fz_ws.l
        40          0          0          0          0         68   m_ws.l

    ----------------------------------------------------------------------
      5692        228        196          0        100       3584   Library Totals

    ----------------------------------------------------------------------

==============================================================================


      Code (inc. data)   RO Data    RW Data    ZI Data      Debug   

     28428        970       6728         84       3900     346635   Grand Totals
     28428        970       6728         84       3900     346635   ELF Image Totals
     28428        970       6728         84          0          0   ROM Totals

==============================================================================

    Total RO  Size (Code + RO Data)                35156 (  34.33kB)
    Total RW  Size (RW Data + ZI Data)              3984 (   3.89kB)
    Total ROM Size (Code + RO Data + RW Data)      35240 (  34.41kB)

==============================================================================

